Component: ARM Compiler 5.06 update 2 (build 183) Tool: armlink [4d35b7]

==============================================================================

Section Cross References

    startup_lpc11xx.o(STACK) refers (Special) to heapauxi.o(.text) for __use_two_region_memory
    startup_lpc11xx.o(HEAP) refers (Special) to heapauxi.o(.text) for __use_two_region_memory
    startup_lpc11xx.o(RESET) refers (Special) to heapauxi.o(.text) for __use_two_region_memory
    startup_lpc11xx.o(RESET) refers to startup_lpc11xx.o(STACK) for __initial_sp
    startup_lpc11xx.o(RESET) refers to startup_lpc11xx.o(.text) for Reset_Handler
    startup_lpc11xx.o(RESET) refers to ssp.o(.text) for SSP1_IRQHandler
    startup_lpc11xx.o(RESET) refers to i2c.o(.text) for I2C_IRQHandler
    startup_lpc11xx.o(RESET) refers to uart.o(.text) for UART_IRQHandler
    startup_lpc11xx.o(.ARM.__at_0x02FC) refers (Special) to heapauxi.o(.text) for __use_two_region_memory
    startup_lpc11xx.o(.text) refers (Special) to heapauxi.o(.text) for __use_two_region_memory
    startup_lpc11xx.o(.text) refers to system_lpc11xx.o(.text) for SystemInit
    startup_lpc11xx.o(.text) refers to __main.o(!!!main) for __main
    startup_lpc11xx.o(.text) refers to startup_lpc11xx.o(HEAP) for Heap_Mem
    startup_lpc11xx.o(.text) refers to startup_lpc11xx.o(STACK) for Stack_Mem
    system_lpc11xx.o(.text) refers to system_lpc11xx.o(i.__ARM_common_switch8) for __ARM_common_switch8
    system_lpc11xx.o(.text) refers to aeabi_sdiv.o(.text) for __aeabi_uidivmod
    system_lpc11xx.o(.text) refers to system_lpc11xx.o(.data) for SystemCoreClock
    cpu_lpc1000.o(.text) refers to aeabi_sdiv.o(.text) for __aeabi_uidivmod
    cpu_lpc1000.o(.text) refers to system_lpc11xx.o(.data) for SystemCoreClock
    cpu_lpc1000.o(.text) refers to cpu_lpc1000.o(.data) for usTicks
    retarget.o(.text) refers (Special) to use_no_semi.o(.text) for __use_no_semihosting_swi
    retarget.o(.text) refers to uart.o(.text) for sendchar
    retarget.o(.data) refers (Special) to use_no_semi.o(.text) for __use_no_semihosting_swi
    main.o(.text) refers to _printf_percent.o(.ARM.Collect$$_printf_percent$$00000000) for _printf_percent
    main.o(.text) refers to _printf_d.o(.ARM.Collect$$_printf_percent$$00000009) for _printf_d
    main.o(.text) refers to _printf_x.o(.ARM.Collect$$_printf_percent$$0000000C) for _printf_x
    main.o(.text) refers to _printf_dec.o(.text) for _printf_int_dec
    main.o(.text) refers to _printf_hex_int.o(.text) for _printf_longlong_hex
    main.o(.text) refers to timer32_1.o(.text) for delay32Ms
    main.o(.text) refers to nrf24l01.o(.text) for NRF24L01_ReadReg
    main.o(.text) refers to noretval__2printf.o(.text) for __2printf
    main.o(.text) refers to ssp.o(.text) for SSP_IOConfig
    main.o(.text) refers to i2c.o(.text) for I2CInit
    main.o(.text) refers to mpu6050.o(.text) for MPU6050_init
    main.o(.text) refers to fflti.o(.text) for __aeabi_ui2f
    main.o(.text) refers to fdiv.o(.text) for __aeabi_fdiv
    main.o(.text) refers to complementary.o(.text) for complementary_filter
    main.o(.text) refers to strncmp.o(.text) for strncmp
    main.o(.text) refers to rt_memclr.o(.text) for __aeabi_memclr
    main.o(.text) refers to main.o(.bss) for Buf
    timer32_1.o(.text) refers to timer32_1.o(.data) for timer32_1_period
    mpu6050.o(.text) refers to i2c.o(.text) for I2CEngine
    mpu6050.o(.text) refers to aeabi_sdiv.o(.text) for __aeabi_idivmod
    mpu6050.o(.text) refers to dflti.o(.text) for __aeabi_i2d
    mpu6050.o(.text) refers to ddiv.o(.text) for __aeabi_ddiv
    mpu6050.o(.text) refers to d2f.o(.text) for __aeabi_d2f
    mpu6050.o(.text) refers to dmul.o(.text) for __aeabi_dmul
    mpu6050.o(.text) refers to fdiv.o(.text) for __aeabi_fdiv
    mpu6050.o(.text) refers to i2c.o(.bss) for I2CMasterBuffer
    mpu6050.o(.text) refers to i2c.o(.data) for I2CWriteLength
    mpu6050.o(.text) refers to mpu6050.o(.data) for zero_acc_z
    mpu6050.o(.text) refers to fflti.o(.text) for __aeabi_i2f
    i2c.o(.text) refers to system_lpc11xx.o(i.__ARM_common_switch8) for __ARM_common_switch8
    i2c.o(.text) refers to i2c.o(.data) for timeout
    i2c.o(.text) refers to i2c.o(.bss) for I2CMasterBuffer
    ssp.o(.text) refers to ssp.o(.data) for interruptOverRunStat0
    uart.o(.text) refers to uart.o(.data) for UARTStatus
    uart.o(.text) refers to uart.o(.bss) for UARTBuffer
    ax12.o(.text) refers to timer32_1.o(.text) for delay32Us
    ax12.o(.text) refers to uart.o(.text) for UARTAvailable
    ax12.o(.text) refers to aeabi_sdiv.o(.text) for __aeabi_idivmod
    ax12.o(.text) refers to ax12.o(.data) for Time_Counter
    kalman.o(.text) refers to faddsub.o(x$fpl$fsub) for __aeabi_fsub
    kalman.o(.text) refers to fmul.o(x$fpl$fmul) for __aeabi_fmul
    kalman.o(.text) refers to faddsub.o(x$fpl$fadd) for __aeabi_fadd
    kalman.o(.text) refers to faddsub.o(x$fpl$frsb) for __aeabi_frsub
[...]
    defsig_fpe_outer.o(.text) refers to defsig_exit.o(.text) for __sig_exit
    defsig_fpe_formal.o(.text) refers to rt_raise.o(.text) for __rt_raise
    libinit.o(.ARM.Collect$$libinit$$00000000) refers (Special) to libinit2.o(.ARM.Collect$$libinit$$0000002E) for __rt_lib_init_alloca_1
    libinit.o(.ARM.Collect$$libinit$$00000000) refers (Special) to libinit2.o(.ARM.Collect$$libinit$$0000002C) for __rt_lib_init_argv_1
    libinit.o(.ARM.Collect$$libinit$$00000000) refers (Special) to libinit2.o(.ARM.Collect$$libinit$$0000001B) for __rt_lib_init_atexit_1
    libinit.o(.ARM.Collect$$libinit$$00000000) refers (Special) to libinit2.o(.ARM.Collect$$libinit$$00000021) for __rt_lib_init_clock_1
    libinit.o(.ARM.Collect$$libinit$$00000000) refers (Special) to libinit2.o(.ARM.Collect$$libinit$$00000032) for __rt_lib_init_cpp_1
    libinit.o(.ARM.Collect$$libinit$$00000000) refers (Special) to libinit2.o(.ARM.Collect$$libinit$$00000030) for __rt_lib_init_exceptions_1
    libinit.o(.ARM.Collect$$libinit$$00000000) refers (Special) to libinit2.o(.ARM.Collect$$libinit$$00000002) for __rt_lib_init_fp_1
    libinit.o(.ARM.Collect$$libinit$$00000000) refers (Special) to libinit2.o(.ARM.Collect$$libinit$$0000001F) for __rt_lib_init_fp_trap_1
    libinit.o(.ARM.Collect$$libinit$$00000000) refers (Special) to libinit2.o(.ARM.Collect$$libinit$$00000023) for __rt_lib_init_getenv_1
    libinit.o(.ARM.Collect$$libinit$$00000000) refers (Special) to libinit2.o(.ARM.Collect$$libinit$$0000000A) for __rt_lib_init_heap_1
    libinit.o(.ARM.Collect$$libinit$$00000000) refers (Special) to libinit2.o(.ARM.Collect$$libinit$$00000011) for __rt_lib_init_lc_collate_1
    libinit.o(.ARM.Collect$$libinit$$00000000) refers (Special) to libinit2.o(.ARM.Collect$$libinit$$00000013) for __rt_lib_init_lc_ctype_1
    libinit.o(.ARM.Collect$$libinit$$00000000) refers (Special) to libinit2.o(.ARM.Collect$$libinit$$00000015) for __rt_lib_init_lc_monetary_1
    libinit.o(.ARM.Collect$$libinit$$00000000) refers (Special) to libinit2.o(.ARM.Collect$$libinit$$00000017) for __rt_lib_init_lc_numeric_1
    libinit.o(.ARM.Collect$$libinit$$00000000) refers (Special) to libinit2.o(.ARM.Collect$$libinit$$00000019) for __rt_lib_init_lc_time_1
    libinit.o(.ARM.Collect$$libinit$$00000000) refers (Special) to libinit2.o(.ARM.Collect$$libinit$$00000004) for __rt_lib_init_preinit_1
    libinit.o(.ARM.Collect$$libinit$$00000000) refers (Special) to libinit2.o(.ARM.Collect$$libinit$$0000000E) for __rt_lib_init_rand_1
    libinit.o(.ARM.Collect$$libinit$$00000000) refers (Special) to libinit2.o(.ARM.Collect$$libinit$$00000033) for __rt_lib_init_return
    libinit.o(.ARM.Collect$$libinit$$00000000) refers (Special) to libinit2.o(.ARM.Collect$$libinit$$0000001D) for __rt_lib_init_signal_1
    libinit.o(.ARM.Collect$$libinit$$00000000) refers (Special) to libinit2.o(.ARM.Collect$$libinit$$00000025) for __rt_lib_init_stdio_1
    libinit.o(.ARM.Collect$$libinit$$00000000) refers (Special) to libinit2.o(.ARM.Collect$$libinit$$0000000C) for __rt_lib_init_user_alloc_1
    dnan2.o(.text) refers (Special) to usenofp.o(x$fpl$usenofp) for __I$use$fp
    dnan2.o(.text) refers to retnan.o(.text) for __fpl_return_NaN
    retnan.o(.text) refers (Special) to usenofp.o(x$fpl$usenofp) for __I$use$fp
    retnan.o(.text) refers to cmpret.o(.text) for __fpl_cmpreturn
    rtexit.o(.ARM.Collect$$rtexit$$00000000) refers (Special) to rtexit2.o(.ARM.Collect$$rtexit$$00000004) for __rt_exit_exit
    rtexit.o(.ARM.Collect$$rtexit$$00000000) refers (Special) to rtexit2.o(.ARM.Collect$$rtexit$$00000003) for __rt_exit_ls
    rtexit.o(.ARM.Collect$$rtexit$$00000000) refers (Special) to rtexit2.o(.ARM.Collect$$rtexit$$00000002) for __rt_exit_prels_1
    rtexit.o(.ARM.exidx) refers (Special) to rtexit2.o(.ARM.Collect$$rtexit$$00000004) for __rt_exit_exit
    rtexit.o(.ARM.exidx) refers (Special) to rtexit2.o(.ARM.Collect$$rtexit$$00000003) for __rt_exit_ls
    rtexit.o(.ARM.exidx) refers (Special) to rtexit2.o(.ARM.Collect$$rtexit$$00000002) for __rt_exit_prels_1
    rtexit.o(.ARM.exidx) refers to rtexit.o(.ARM.Collect$$rtexit$$00000000) for .ARM.Collect$$rtexit$$00000000
    rt_raise.o(.text) refers to __raise.o(.text) for __raise
    rt_raise.o(.text) refers to retarget.o(.text) for _sys_exit
    defsig_exit.o(.text) refers to retarget.o(.text) for _sys_exit
    defsig_fpe_inner.o(.text) refers to defsig_general.o(.text) for __default_signal_display
    libinit2.o(.ARM.Collect$$libinit$$00000010) refers to libinit2.o(.ARM.Collect$$libinit$$0000000F) for .ARM.Collect$$libinit$$0000000F
    libinit2.o(.ARM.Collect$$libinit$$00000012) refers to libinit2.o(.ARM.Collect$$libinit$$0000000F) for .ARM.Collect$$libinit$$0000000F
    libinit2.o(.ARM.Collect$$libinit$$00000014) refers to libinit2.o(.ARM.Collect$$libinit$$0000000F) for .ARM.Collect$$libinit$$0000000F
    libinit2.o(.ARM.Collect$$libinit$$00000016) refers to libinit2.o(.ARM.Collect$$libinit$$0000000F) for .ARM.Collect$$libinit$$0000000F
    libinit2.o(.ARM.Collect$$libinit$$00000018) refers to libinit2.o(.ARM.Collect$$libinit$$0000000F) for .ARM.Collect$$libinit$$0000000F
    libinit2.o(.ARM.Collect$$libinit$$00000026) refers to argv_veneer.o(.text) for __ARM_argv_veneer
    libinit2.o(.ARM.Collect$$libinit$$00000027) refers to argv_veneer.o(.text) for __ARM_argv_veneer
    rtexit2.o(.ARM.Collect$$rtexit$$00000003) refers to libshutdown.o(.ARM.Collect$$libshutdown$$00000000) for __rt_lib_shutdown
    rtexit2.o(.ARM.Collect$$rtexit$$00000004) refers to retarget.o(.text) for _sys_exit
    rtexit2.o(.ARM.exidx) refers to rtexit2.o(.ARM.Collect$$rtexit$$00000001) for .ARM.Collect$$rtexit$$00000001
    rtexit2.o(.ARM.exidx) refers to rtexit2.o(.ARM.Collect$$rtexit$$00000003) for .ARM.Collect$$rtexit$$00000003
    rtexit2.o(.ARM.exidx) refers to rtexit2.o(.ARM.Collect$$rtexit$$00000004) for .ARM.Collect$$rtexit$$00000004
    __raise.o(.text) refers to defsig.o(CL$$defsig) for __default_signal_handler
    defsig_general.o(.text) refers to retarget.o(.text) for _ttywrch
    defsig.o(CL$$defsig) refers to defsig_fpe_inner.o(.text) for __rt_SIGFPE_inner
    defsig.o(CL$$defsig) refers to defsig_rtmem_inner.o(.text) for __rt_SIGRTMEM_inner
    _get_argv_nomalloc.o(.text) refers (Special) to hrguard.o(.text) for __heap_region$guard
    _get_argv_nomalloc.o(.text) refers to defsig_rtmem_outer.o(.text) for __rt_SIGRTMEM
    _get_argv_nomalloc.o(.text) refers to sys_command.o(.text) for _sys_command_string
    libshutdown.o(.ARM.Collect$$libshutdown$$00000000) refers (Special) to libshutdown2.o(.ARM.Collect$$libshutdown$$00000002) for __rt_lib_shutdown_cpp_1
    libshutdown.o(.ARM.Collect$$libshutdown$$00000000) refers (Special) to libshutdown2.o(.ARM.Collect$$libshutdown$$00000007) for __rt_lib_shutdown_fp_trap_1
    libshutdown.o(.ARM.Collect$$libshutdown$$00000000) refers (Special) to libshutdown2.o(.ARM.Collect$$libshutdown$$0000000F) for __rt_lib_shutdown_heap_1
    libshutdown.o(.ARM.Collect$$libshutdown$$00000000) refers (Special) to libshutdown2.o(.ARM.Collect$$libshutdown$$00000010) for __rt_lib_shutdown_return
    libshutdown.o(.ARM.Collect$$libshutdown$$00000000) refers (Special) to libshutdown2.o(.ARM.Collect$$libshutdown$$0000000A) for __rt_lib_shutdown_signal_1
    libshutdown.o(.ARM.Collect$$libshutdown$$00000000) refers (Special) to libshutdown2.o(.ARM.Collect$$libshutdown$$00000004) for __rt_lib_shutdown_stdio_1
    libshutdown.o(.ARM.Collect$$libshutdown$$00000000) refers (Special) to libshutdown2.o(.ARM.Collect$$libshutdown$$0000000C) for __rt_lib_shutdown_user_alloc_1
    sys_command.o(.text) refers (Special) to use_no_semi.o(.text) for __I$use$semihosting
    sys_command.o(.text) refers (Special) to indicate_semi.o(.text) for __semihosting_library_function
    defsig_abrt_inner.o(.text) refers to defsig_general.o(.text) for __default_signal_display
    defsig_rtred_inner.o(.text) refers to defsig_general.o(.text) for __default_signal_display
    defsig_rtmem_inner.o(.text) refers to defsig_general.o(.text) for __default_signal_display
    defsig_rtmem_outer.o(.text) refers to defsig_rtmem_inner.o(.text) for __rt_SIGRTMEM_inner
    defsig_rtmem_outer.o(.text) refers to defsig_exit.o(.text) for __sig_exit
    defsig_rtmem_formal.o(.text) refers to rt_raise.o(.text) for __rt_raise
    defsig_stak_inner.o(.text) refers to defsig_general.o(.text) for __default_signal_display
    defsig_pvfn_inner.o(.text) refers to defsig_general.o(.text) for __default_signal_display
    defsig_cppl_inner.o(.text) refers to defsig_general.o(.text) for __default_signal_display
    defsig_segv_inner.o(.text) refers to defsig_general.o(.text) for __default_signal_display
    defsig_other.o(.text) refers to defsig_general.o(.text) for __default_signal_display


==============================================================================

Removing Unused input sections from the image.

    Removing system_lpc11xx.o(.rev16_text), (4 bytes).
    Removing system_lpc11xx.o(.revsh_text), (4 bytes).
    Removing cpu_lpc1000.o(.rev16_text), (4 bytes).
    Removing cpu_lpc1000.o(.revsh_text), (4 bytes).
    Removing main.o(.rev16_text), (4 bytes).
    Removing main.o(.revsh_text), (4 bytes).
    Removing main.o(.data), (1 bytes).
    Removing timer32_1.o(.rev16_text), (4 bytes).
    Removing timer32_1.o(.revsh_text), (4 bytes).
    Removing gpio.o(.rev16_text), (4 bytes).
    Removing gpio.o(.revsh_text), (4 bytes).
    Removing i2c.o(.rev16_text), (4 bytes).
    Removing i2c.o(.revsh_text), (4 bytes).
    Removing ssp.o(.rev16_text), (4 bytes).
    Removing ssp.o(.revsh_text), (4 bytes).
    Removing uart.o(.rev16_text), (4 bytes).
    Removing uart.o(.revsh_text), (4 bytes).
    Removing ax12.o(.rev16_text), (4 bytes).
    Removing ax12.o(.revsh_text), (4 bytes).
    Removing ax12.o(.text), (5076 bytes).
    Removing ax12.o(.data), (44 bytes).
    Removing kalman.o(.text), (524 bytes).
    Removing kalman.o(.bss), (16 bytes).
    Removing kalman.o(.data), (40 bytes).
    Removing nrf24l01.o(.rev16_text), (4 bytes).
    Removing nrf24l01.o(.revsh_text), (4 bytes).

26 unused section(s) (total 5781 bytes) removed from the image.

==============================================================================

Image Symbol Table

    Local Symbols

    Symbol Name                              Value     Ov Type        Size  Object(Section)

    RESET                                    0x00000000   Section      192  startup_lpc11xx.o(RESET)
    ../clib/angel/boardlib.s                 0x00000000   Number         0  boardinit1.o ABSOLUTE
    ../clib/angel/boardlib.s                 0x00000000   Number         0  boardinit2.o ABSOLUTE
    ../clib/angel/boardlib.s                 0x00000000   Number         0  boardinit3.o ABSOLUTE
    ../clib/angel/boardlib.s                 0x00000000   Number         0  boardshut.o ABSOLUTE
    ../clib/angel/handlers.s                 0x00000000   Number         0  __scatter_copy.o ABSOLUTE
    ../clib/angel/handlers.s                 0x00000000   Number         0  __scatter_zi.o ABSOLUTE
    ../clib/angel/kernel.s                   0x00000000   Number         0  rtexit2.o ABSOLUTE
    ../clib/angel/kernel.s                   0x00000000   Number         0  __rtentry2.o ABSOLUTE
    ../clib/angel/kernel.s                   0x00000000   Number         0  __rtentry4.o ABSOLUTE
    ../clib/angel/kernel.s                   0x00000000   Number         0  rtexit.o ABSOLUTE
    ../clib/angel/kernel.s                   0x00000000   Number         0  __rtentry.o ABSOLUTE
    ../clib/angel/rt.s                       0x00000000   Number         0  aeabi_idiv0_sigfpe.o ABSOLUTE
    ../clib/angel/rt.s                       0x00000000   Number         0  aeabi_idiv0.o ABSOLUTE
    ../clib/angel/rt.s                       0x00000000   Number         0  rt_div0.o ABSOLUTE
    ../clib/angel/rt.s                       0x00000000   Number         0  rt_errno_addr_intlibspace.o ABSOLUTE
    ../clib/angel/rt.s                       0x00000000   Number         0  rt_errno_addr.o ABSOLUTE
    ../clib/angel/rt.s                       0x00000000   Number         0  rt_raise.o ABSOLUTE
    ../clib/angel/scatterp.s                 0x00000000   Number         0  __scatter.o ABSOLUTE
    ../clib/angel/startup.s                  0x00000000   Number         0  __main.o ABSOLUTE
    ../clib/angel/sys.s                      0x00000000   Number         0  indicate_semi.o ABSOLUTE
    ../clib/angel/sys.s                      0x00000000   Number         0  libspace.o ABSOLUTE
    ../clib/angel/sys.s                      0x00000000   Number         0  use_no_semi.o ABSOLUTE
    ../clib/angel/sys.s                      0x00000000   Number         0  sys_stackheap_outer.o ABSOLUTE
    ../clib/angel/sys.s                      0x00000000   Number         0  tempstk.o ABSOLUTE
    ../clib/angel/sysapp.c                   0x00000000   Number         0  sys_command.o ABSOLUTE
    ../clib/armsys.c                         0x00000000   Number         0  no_argv.o ABSOLUTE
    ../clib/armsys.c                         0x00000000   Number         0  _get_argv_nomalloc.o ABSOLUTE
    ../clib/armsys.c                         0x00000000   Number         0  argv_veneer.o ABSOLUTE
    ../clib/division.c                       0x00000000   Number         0  rtudiv10.o ABSOLUTE
    ../clib/division.s                       0x00000000   Number         0  aeabi_sdiv.o ABSOLUTE
    ../clib/division.s                       0x00000000   Number         0  aeabi_sdiv_div0.o ABSOLUTE
    ../clib/fenv.c                           0x00000000   Number         0  _rserrno.o ABSOLUTE
    ../clib/heapalloc.c                      0x00000000   Number         0  hrguard.o ABSOLUTE
    ../clib/heapaux.c                        0x00000000   Number         0  heapauxi.o ABSOLUTE
    ../clib/libinit.s                        0x00000000   Number         0  libshutdown.o ABSOLUTE
    ../clib/libinit.s                        0x00000000   Number         0  libshutdown2.o ABSOLUTE
    ../clib/libinit.s                        0x00000000   Number         0  libinit2.o ABSOLUTE
    ../clib/libinit.s                        0x00000000   Number         0  libinit.o ABSOLUTE
    ../clib/memcpset.c                       0x00000000   Number         0  rt_memclr.o ABSOLUTE
    ../clib/printf.c                         0x00000000   Number         0  __printf_flags_ss_wp.o ABSOLUTE
    ../clib/printf.c                         0x00000000   Number         0  __printf_ss_wp.o ABSOLUTE
    ../clib/printf.c                         0x00000000   Number         0  __printf_flags.o ABSOLUTE
    ../clib/printf.c                         0x00000000   Number         0  __printf_flags_wp.o ABSOLUTE
    ../clib/printf.c                         0x00000000   Number         0  __printf_wp.o ABSOLUTE
    ../clib/printf.c                         0x00000000   Number         0  __printf_flags_ss.o ABSOLUTE
    ../clib/printf.c                         0x00000000   Number         0  __printf_ss.o ABSOLUTE
    ../clib/printf.c                         0x00000000   Number         0  _printf_hex_int_ll_ptr.o ABSOLUTE
    ../clib/printf.c                         0x00000000   Number         0  _printf_hex_ll_ptr.o ABSOLUTE
    ../clib/printf.c                         0x00000000   Number         0  _printf_hex_int_ptr.o ABSOLUTE
    ../clib/printf.c                         0x00000000   Number         0  _printf_hex_ptr.o ABSOLUTE
    ../clib/printf.c                         0x00000000   Number         0  _printf_hex_int_ll.o ABSOLUTE
    ../clib/printf.c                         0x00000000   Number         0  __2printf.o ABSOLUTE
    ../clib/printf.c                         0x00000000   Number         0  noretval__2printf.o ABSOLUTE
    ../clib/printf.c                         0x00000000   Number         0  __printf.o ABSOLUTE
    ../clib/printf.c                         0x00000000   Number         0  _printf_dec.o ABSOLUTE
    ../clib/printf.c                         0x00000000   Number         0  _printf_hex_ll.o ABSOLUTE
    ../clib/printf.c                         0x00000000   Number         0  _printf_hex_int.o ABSOLUTE
    ../clib/printf.c                         0x00000000   Number         0  _printf_char_file.o ABSOLUTE
    ../clib/printf.c                         0x00000000   Number         0  _printf_intcommon.o ABSOLUTE
    ../clib/printf.c                         0x00000000   Number         0  _printf_char_common.o ABSOLUTE
    ../clib/printf.c                         0x00000000   Number         0  __printf_nopercent.o ABSOLUTE
    ../clib/printf_percent.s                 0x00000000   Number         0  _printf_d.o ABSOLUTE
    ../clib/printf_percent.s                 0x00000000   Number         0  _printf_percent.o ABSOLUTE
    ../clib/printf_percent.s                 0x00000000   Number         0  _printf_percent_end.o ABSOLUTE
    ../clib/printf_percent.s                 0x00000000   Number         0  _printf_x.o ABSOLUTE
    ../clib/signal.c                         0x00000000   Number         0  defsig_general.o ABSOLUTE
    ../clib/signal.c                         0x00000000   Number         0  defsig_fpe_inner.o ABSOLUTE
    ../clib/signal.c                         0x00000000   Number         0  defsig_abrt_inner.o ABSOLUTE
    ../clib/signal.c                         0x00000000   Number         0  defsig_exit.o ABSOLUTE
    ../clib/signal.c                         0x00000000   Number         0  defsig_rtred_inner.o ABSOLUTE
    ../clib/signal.c                         0x00000000   Number         0  defsig_fpe_formal.o ABSOLUTE
    ../clib/signal.c                         0x00000000   Number         0  defsig_rtmem_outer.o ABSOLUTE
    ../clib/signal.c                         0x00000000   Number         0  defsig_rtmem_formal.o ABSOLUTE
    ../clib/signal.c                         0x00000000   Number         0  defsig_stak_inner.o ABSOLUTE
    ../clib/signal.c                         0x00000000   Number         0  defsig_rtmem_inner.o ABSOLUTE
    ../clib/signal.c                         0x00000000   Number         0  defsig_pvfn_inner.o ABSOLUTE
    ../clib/signal.c                         0x00000000   Number         0  defsig_cppl_inner.o ABSOLUTE
    ../clib/signal.c                         0x00000000   Number         0  defsig_segv_inner.o ABSOLUTE
    ../clib/signal.c                         0x00000000   Number         0  defsig_other.o ABSOLUTE
    ../clib/signal.c                         0x00000000   Number         0  defsig_fpe_outer.o ABSOLUTE
    ../clib/signal.c                         0x00000000   Number         0  __raise.o ABSOLUTE
    ../clib/signal.s                         0x00000000   Number         0  defsig.o ABSOLUTE
    ../clib/stdlib.c                         0x00000000   Number         0  exit.o ABSOLUTE
    ../clib/string.c                         0x00000000   Number         0  strncmp.o ABSOLUTE
    ../fplib/cfplib/cmpret.c                 0x00000000   Number         0  cmpret.o ABSOLUTE
    ../fplib/cfplib/d2f.c                    0x00000000   Number         0  d2f.o ABSOLUTE
    ../fplib/cfplib/daddsub.c                0x00000000   Number         0  daddsub.o ABSOLUTE
    ../fplib/cfplib/dcmpin.c                 0x00000000   Number         0  dcmpin.o ABSOLUTE
    ../fplib/cfplib/ddiv.c                   0x00000000   Number         0  ddiv.o ABSOLUTE
    ../fplib/cfplib/dmul.c                   0x00000000   Number         0  dmul.o ABSOLUTE
    ../fplib/cfplib/dsqrt.c                  0x00000000   Number         0  dsqrt.o ABSOLUTE
    ../fplib/cfplib/f2d.c                    0x00000000   Number         0  f2d.o ABSOLUTE
    ../fplib/cfplib/fcmpin.c                 0x00000000   Number         0  fcmpin.o ABSOLUTE
    ../fplib/cfplib/fdiv.c                   0x00000000   Number         0  fdiv.o ABSOLUTE
    ../fplib/cfplib/fflt.c                   0x00000000   Number         0  dflti.o ABSOLUTE
    ../fplib/cfplib/fflt.c                   0x00000000   Number         0  fflti.o ABSOLUTE
    ../fplib/cfplib/fpinit.c                 0x00000000   Number         0  fpinit.o ABSOLUTE
    ../fplib/cfplib/nan2.c                   0x00000000   Number         0  dnan2.o ABSOLUTE
    ../fplib/cfplib/nan2.c                   0x00000000   Number         0  fnan2.o ABSOLUTE
    ../fplib/cfplib/retnan.c                 0x00000000   Number         0  retnan.o ABSOLUTE
    ../fplib/cfplib/scalbn.c                 0x00000000   Number         0  dscalbn.o ABSOLUTE
    ../fplib/dleqf6m.s                       0x00000000   Number         0  dlef.o ABSOLUTE
    ../fplib/faddsub6m.s                     0x00000000   Number         0  faddsub.o ABSOLUTE
    ../fplib/fmul6m.s                        0x00000000   Number         0  fmul.o ABSOLUTE
    ../fplib/frleqf6m.s                      0x00000000   Number         0  frlef.o ABSOLUTE
    ../fplib/usenofp.s                       0x00000000   Number         0  usenofp.o ABSOLUTE
    ../mathlib/atan.c                        0x00000000   Number         0  atan.o ABSOLUTE
    ../mathlib/atan.c                        0x00000000   Number         0  atan_x.o ABSOLUTE
    ../mathlib/atan2.c                       0x00000000   Number         0  atan2.o ABSOLUTE
    ../mathlib/atan2.c                       0x00000000   Number         0  atan2_x.o ABSOLUTE
    ../mathlib/dunder.c                      0x00000000   Number         0  dunder.o ABSOLUTE
    ../mathlib/fpclassify.c                  0x00000000   Number         0  fpclassify.o ABSOLUTE
    ../mathlib/poly.c                        0x00000000   Number         0  poly.o ABSOLUTE
    ../mathlib/qnan.c                        0x00000000   Number         0  qnan.o ABSOLUTE
    ../mathlib/sqrt.c                        0x00000000   Number         0  sqrt.o ABSOLUTE
    ../mathlib/sqrt.c                        0x00000000   Number         0  sqrt_x.o ABSOLUTE
    AX12.c                                   0x00000000   Number         0  ax12.o ABSOLUTE
    AX12.c                                   0x00000000   Number         0  ax12.o ABSOLUTE
    Retarget.c                               0x00000000   Number         0  retarget.o ABSOLUTE
    complementary.c                          0x00000000   Number         0  complementary.o ABSOLUTE
    cpu_lpc1000.c                            0x00000000   Number         0  cpu_lpc1000.o ABSOLUTE
    cpu_lpc1000.c                            0x00000000   Number         0  cpu_lpc1000.o ABSOLUTE
    dc.s                                     0x00000000   Number         0  dc.o ABSOLUTE
    gpio.c                                   0x00000000   Number         0  gpio.o ABSOLUTE
    gpio.c                                   0x00000000   Number         0  gpio.o ABSOLUTE
    i2c.c                                    0x00000000   Number         0  i2c.o ABSOLUTE
    i2c.c                                    0x00000000   Number         0  i2c.o ABSOLUTE
    kalman.c                                 0x00000000   Number         0  kalman.o ABSOLUTE
    main.c                                   0x00000000   Number         0  main.o ABSOLUTE
    main.c                                   0x00000000   Number         0  main.o ABSOLUTE
    mpu6050.c                                0x00000000   Number         0  mpu6050.o ABSOLUTE
    nrf24l01.c                               0x00000000   Number         0  nrf24l01.o ABSOLUTE
    nrf24l01.c                               0x00000000   Number         0  nrf24l01.o ABSOLUTE
    ssp.c                                    0x00000000   Number         0  ssp.o ABSOLUTE
    ssp.c                                    0x00000000   Number         0  ssp.o ABSOLUTE
    startup_LPC11xx.s                        0x00000000   Number         0  startup_lpc11xx.o ABSOLUTE
    system_LPC11xx.c                         0x00000000   Number         0  system_lpc11xx.o ABSOLUTE
    system_LPC11xx.c                         0x00000000   Number         0  system_lpc11xx.o ABSOLUTE
    timer32.c                                0x00000000   Number         0  timer32_1.o ABSOLUTE
    timer32.c                                0x00000000   Number         0  timer32_1.o ABSOLUTE
    uart.c                                   0x00000000   Number         0  uart.o ABSOLUTE
    uart.c                                   0x00000000   Number         0  uart.o ABSOLUTE
    !!!main                                  0x000000c0   Section        8  __main.o(!!!main)
    !!!scatter                               0x000000c8   Section       60  __scatter.o(!!!scatter)
    !!handler_copy                           0x00000104   Section       26  __scatter_copy.o(!!handler_copy)
    !!handler_zi                             0x00000120   Section       28  __scatter_zi.o(!!handler_zi)
    .ARM.Collect$$_printf_percent$$00000000  0x0000013c   Section        2  _printf_percent.o(.ARM.Collect$$_printf_percent$$00000000)
    .ARM.Collect$$_printf_percent$$00000009  0x0000013e   Section       10  _printf_d.o(.ARM.Collect$$_printf_percent$$00000009)
    .ARM.Collect$$_printf_percent$$0000000C  0x00000148   Section       10  _printf_x.o(.ARM.Collect$$_printf_percent$$0000000C)
    .ARM.Collect$$_printf_percent$$00000017  0x00000152   Section        4  _printf_percent_end.o(.ARM.Collect$$_printf_percent$$00000017)
    .ARM.Collect$$libinit$$00000000          0x00000156   Section        2  libinit.o(.ARM.Collect$$libinit$$00000000)
    .ARM.Collect$$libinit$$00000002          0x00000158   Section        0  libinit2.o(.ARM.Collect$$libinit$$00000002)
    .ARM.Collect$$libinit$$00000004          0x00000158   Section        0  libinit2.o(.ARM.Collect$$libinit$$00000004)
    .ARM.Collect$$libinit$$0000000A          0x00000158   Section        0  libinit2.o(.ARM.Collect$$libinit$$0000000A)
    .ARM.Collect$$libinit$$0000000C          0x00000158   Section        0  libinit2.o(.ARM.Collect$$libinit$$0000000C)
    .ARM.Collect$$libinit$$0000000E          0x00000158   Section        0  libinit2.o(.ARM.Collect$$libinit$$0000000E)
    .ARM.Collect$$libinit$$00000011          0x00000158   Section        0  libinit2.o(.ARM.Collect$$libinit$$00000011)
    .ARM.Collect$$libinit$$00000013          0x00000158   Section        0  libinit2.o(.ARM.Collect$$libinit$$00000013)
    .ARM.Collect$$libinit$$00000015          0x00000158   Section        0  libinit2.o(.ARM.Collect$$libinit$$00000015)
    .ARM.Collect$$libinit$$00000017          0x00000158   Section        0  libinit2.o(.ARM.Collect$$libinit$$00000017)
    .ARM.Collect$$libinit$$00000019          0x00000158   Section        0  libinit2.o(.ARM.Collect$$libinit$$00000019)
    .ARM.Collect$$libinit$$0000001B          0x00000158   Section        0  libinit2.o(.ARM.Collect$$libinit$$0000001B)
    .ARM.Collect$$libinit$$0000001D          0x00000158   Section        0  libinit2.o(.ARM.Collect$$libinit$$0000001D)
    .ARM.Collect$$libinit$$0000001F          0x00000158   Section        0  libinit2.o(.ARM.Collect$$libinit$$0000001F)
    .ARM.Collect$$libinit$$00000021          0x00000158   Section        0  libinit2.o(.ARM.Collect$$libinit$$00000021)
    .ARM.Collect$$libinit$$00000023          0x00000158   Section        0  libinit2.o(.ARM.Collect$$libinit$$00000023)
    .ARM.Collect$$libinit$$00000025          0x00000158   Section        0  libinit2.o(.ARM.Collect$$libinit$$00000025)
    .ARM.Collect$$libinit$$0000002C          0x00000158   Section        0  libinit2.o(.ARM.Collect$$libinit$$0000002C)
    .ARM.Collect$$libinit$$0000002E          0x00000158   Section        0  libinit2.o(.ARM.Collect$$libinit$$0000002E)
    .ARM.Collect$$libinit$$00000030          0x00000158   Section        0  libinit2.o(.ARM.Collect$$libinit$$00000030)
    .ARM.Collect$$libinit$$00000032          0x00000158   Section        0  libinit2.o(.ARM.Collect$$libinit$$00000032)
    .ARM.Collect$$libinit$$00000033          0x00000158   Section        2  libinit2.o(.ARM.Collect$$libinit$$00000033)
    .ARM.Collect$$libshutdown$$00000000      0x0000015a   Section        2  libshutdown.o(.ARM.Collect$$libshutdown$$00000000)
    .ARM.Collect$$libshutdown$$00000002      0x0000015c   Section        0  libshutdown2.o(.ARM.Collect$$libshutdown$$00000002)
    .ARM.Collect$$libshutdown$$00000004      0x0000015c   Section        0  libshutdown2.o(.ARM.Collect$$libshutdown$$00000004)
    .ARM.Collect$$libshutdown$$00000007      0x0000015c   Section        0  libshutdown2.o(.ARM.Collect$$libshutdown$$00000007)
    .ARM.Collect$$libshutdown$$0000000A      0x0000015c   Section        0  libshutdown2.o(.ARM.Collect$$libshutdown$$0000000A)
    .ARM.Collect$$libshutdown$$0000000C      0x0000015c   Section        0  libshutdown2.o(.ARM.Collect$$libshutdown$$0000000C)
    .ARM.Collect$$libshutdown$$0000000F      0x0000015c   Section        0  libshutdown2.o(.ARM.Collect$$libshutdown$$0000000F)
    .ARM.Collect$$libshutdown$$00000010      0x0000015c   Section        2  libshutdown2.o(.ARM.Collect$$libshutdown$$00000010)
    .ARM.Collect$$rtentry$$00000000          0x0000015e   Section        0  __rtentry.o(.ARM.Collect$$rtentry$$00000000)
    .ARM.Collect$$rtentry$$00000002          0x0000015e   Section        0  __rtentry2.o(.ARM.Collect$$rtentry$$00000002)
    .ARM.Collect$$rtentry$$00000004          0x0000015e   Section        6  __rtentry4.o(.ARM.Collect$$rtentry$$00000004)
    .ARM.Collect$$rtentry$$00000009          0x00000164   Section        0  __rtentry2.o(.ARM.Collect$$rtentry$$00000009)
    .ARM.Collect$$rtentry$$0000000A          0x00000164   Section        4  __rtentry2.o(.ARM.Collect$$rtentry$$0000000A)
    .ARM.Collect$$rtentry$$0000000C          0x00000168   Section        0  __rtentry2.o(.ARM.Collect$$rtentry$$0000000C)
    .ARM.Collect$$rtentry$$0000000D          0x00000168   Section        8  __rtentry2.o(.ARM.Collect$$rtentry$$0000000D)
    .ARM.Collect$$rtexit$$00000000           0x00000170   Section        2  rtexit.o(.ARM.Collect$$rtexit$$00000000)
    .ARM.Collect$$rtexit$$00000002           0x00000172   Section        0  rtexit2.o(.ARM.Collect$$rtexit$$00000002)
    .ARM.Collect$$rtexit$$00000003           0x00000172   Section        4  rtexit2.o(.ARM.Collect$$rtexit$$00000003)
    .ARM.Collect$$rtexit$$00000004           0x00000176   Section        6  rtexit2.o(.ARM.Collect$$rtexit$$00000004)
    .text                                    0x0000017c   Section       52  startup_lpc11xx.o(.text)
    .text                                    0x000001b0   Section        0  cpu_lpc1000.o(.text)
    NVIC_SetPriority                         0x00000221   Thumb Code   110  cpu_lpc1000.o(.text)
    .text                                    0x000002b0   Section        0  retarget.o(.text)
    .text                                    0x000002e0   Section        2  use_no_semi.o(.text)
    .text                                    0x000002e2   Section        0  heapauxi.o(.text)
    .text                                    0x000002e8   Section        8  rt_errno_addr_intlibspace.o(.text)
    .text                                    0x000002f0   Section        8  libspace.o(.text)
    x$fpl$usenofp                            0x000002f8   Section        0  usenofp.o(x$fpl$usenofp)
    .ARM.__at_0x02FC                         0x000002fc   Section        4  startup_lpc11xx.o(.ARM.__at_0x02FC)
    .text                                    0x00000300   Section        0  system_lpc11xx.o(.text)
    .text                                    0x00000530   Section        0  main.o(.text)
    .text                                    0x0000086c   Section        0  timer32_1.o(.text)
    .text                                    0x00000bd0   Section        0  mpu6050.o(.text)
    .text                                    0x000010bc   Section        0  i2c.o(.text)
    .text                                    0x000013a0   Section        0  ssp.o(.text)
    NVIC_EnableIRQ                           0x0000169b   Thumb Code    14  ssp.o(.text)
    .text                                    0x000016e4   Section        0  uart.o(.text)
    .text                                    0x00001a08   Section        0  nrf24l01.o(.text)
    .text                                    0x00001d8c   Section        0  complementary.o(.text)
    .text                                    0x000020bc   Section        0  noretval__2printf.o(.text)
    .text                                    0x000020d8   Section        0  __printf.o(.text)
    .text                                    0x00002144   Section        0  _printf_dec.o(.text)
    .text                                    0x000021b0   Section        0  _printf_hex_int.o(.text)
    .text                                    0x00002208   Section        0  strncmp.o(.text)
    .text                                    0x000022a8   Section        0  rt_memclr.o(.text)
    .text                                    0x000022e8   Section      346  aeabi_sdiv.o(.text)
    .text                                    0x00002444   Section        0  d2f.o(.text)
    .text                                    0x000024c0   Section        0  daddsub.o(.text)
    _dadd1                                   0x000024c1   Thumb Code   290  daddsub.o(.text)
    _dsub1                                   0x000025e3   Thumb Code   470  daddsub.o(.text)
    .text                                    0x00002818   Section        0  ddiv.o(.text)
    .text                                    0x00002c60   Section        0  dflti.o(.text)
    .text                                    0x00002cb8   Section        0  dmul.o(.text)
    .text                                    0x00002f00   Section        0  f2d.o(.text)
    .text                                    0x00002f54   Section        0  fdiv.o(.text)
    .text                                    0x000030b4   Section        0  fflti.o(.text)
    .text                                    0x00003112   Section        0  _rserrno.o(.text)
    .text                                    0x00003128   Section        0  _printf_intcommon.o(.text)
    .text                                    0x000031d8   Section        0  _printf_char_file.o(.text)
    .text                                    0x00003200   Section        0  rtudiv10.o(.text)
    .text                                    0x00003228   Section        0  dsqrt.o(.text)
    .text                                    0x00003328   Section        0  fcmpin.o(.text)
    .text                                    0x0000338c   Section        0  _printf_char_common.o(.text)
    _printf_input_char                       0x0000338d   Thumb Code    10  _printf_char_common.o(.text)
    .text                                    0x000033bc   Section        0  cmpret.o(.text)
    .text                                    0x000033ec   Section        0  dscalbn.o(.text)
    .text                                    0x0000344c   Section        0  fnan2.o(.text)
    .text                                    0x0000345c   Section       62  sys_stackheap_outer.o(.text)
    .text                                    0x0000349a   Section        0  exit.o(.text)
    .text                                    0x000034aa   Section        0  retnan.o(.text)
    i.__ARM_common_switch8                   0x00003508   Section        0  system_lpc11xx.o(i.__ARM_common_switch8)
    i.__ARM_fpclassify                       0x00003524   Section        0  fpclassify.o(i.__ARM_fpclassify)
    i.__kernel_poly                          0x00003550   Section        0  poly.o(i.__kernel_poly)
    i.__mathlib_dbl_infnan                   0x000035fc   Section        0  dunder.o(i.__mathlib_dbl_infnan)
    i.__mathlib_dbl_infnan2                  0x00003606   Section        0  dunder.o(i.__mathlib_dbl_infnan2)
    i.__mathlib_dbl_underflow                0x00003610   Section        0  dunder.o(i.__mathlib_dbl_underflow)
    i.atan                                   0x00003624   Section        0  atan.o(i.atan)
    i.atan2                                  0x00003840   Section        0  atan2.o(i.atan2)
    i.sqrt                                   0x000039b8   Section        0  sqrt.o(i.sqrt)
    x$fpl$fadd                               0x00003a00   Section      140  faddsub.o(x$fpl$fadd)
    _fadd1                                   0x00003a0d   Thumb Code     0  faddsub.o(x$fpl$fadd)
    x$fpl$fmul                               0x00003a8c   Section      176  fmul.o(x$fpl$fmul)
    x$fpl$frleqf                             0x00003b3c   Section       88  frlef.o(x$fpl$frleqf)
    x$fpl$fsub                               0x00003b94   Section      208  faddsub.o(x$fpl$fsub)
    _fsub1                                   0x00003ba1   Thumb Code     0  faddsub.o(x$fpl$fsub)
    .constdata                               0x00003c64   Section       40  _printf_hex_int.o(.constdata)
    uc_hextab                                0x00003c64   Data          20  _printf_hex_int.o(.constdata)
    lc_hextab                                0x00003c78   Data          20  _printf_hex_int.o(.constdata)
    .constdata                               0x00003c8c   Section      128  ddiv.o(.constdata)
    ddiv_reciptbl                            0x00003c8c   Data         128  ddiv.o(.constdata)
    .constdata                               0x00003d0c   Section       64  fdiv.o(.constdata)
    fdiv_tab                                 0x00003d0c   Data          64  fdiv.o(.constdata)
    .constdata                               0x00003d50   Section      152  atan.o(.constdata)
    atanhi                                   0x00003d50   Data          32  atan.o(.constdata)
    atanlo                                   0x00003d70   Data          32  atan.o(.constdata)
    aTodd                                    0x00003d90   Data          40  atan.o(.constdata)
    aTeven                                   0x00003db8   Data          48  atan.o(.constdata)
    .constdata                               0x00003de8   Section        8  qnan.o(.constdata)
    .data                                    0x10000000   Section        4  system_lpc11xx.o(.data)
    .data                                    0x10000004   Section        4  cpu_lpc1000.o(.data)
    .data                                    0x10000008   Section        8  retarget.o(.data)
    .data                                    0x10000010   Section        8  timer32_1.o(.data)
    .data                                    0x10000018   Section       12  mpu6050.o(.data)
    .data                                    0x10000024   Section       36  i2c.o(.data)
    .data                                    0x10000048   Section       24  ssp.o(.data)
    .data                                    0x10000060   Section       12  uart.o(.data)
    .data                                    0x1000006c   Section       40  complementary.o(.data)
    .bss                                     0x10000094   Section       32  main.o(.bss)
    .bss                                     0x100000b4   Section      128  i2c.o(.bss)
    .bss                                     0x10000134   Section       64  uart.o(.bss)
    .bss                                     0x10000174   Section       96  libspace.o(.bss)
    HEAP                                     0x100001d8   Section        0  startup_lpc11xx.o(HEAP)
    STACK                                    0x100001d8   Section      512  startup_lpc11xx.o(STACK)
    Heap_Mem                                 0x100001d8   Data           0  startup_lpc11xx.o(HEAP)
    Stack_Mem                                0x100001d8   Data         512  startup_lpc11xx.o(STACK)
    __initial_sp                             0x100003d8   Data           0  startup_lpc11xx.o(STACK)

    Global Symbols

    Symbol Name                              Value     Ov Type        Size  Object(Section)

    BuildAttributes$$THM_ISAv3M$S$PE$A:L22$X:L11$S22$IEEE1$IW$USESV6$~STKCKD$USESV7$~SHL$OTIME$ROPI$IEEEX$EBA8$UX$STANDARDLIB$REQ8$PRES8$EABIv2 0x00000000   Number         0  anon$$obj.o ABSOLUTE
    __ARM_use_no_argv                        0x00000000   Number         0  main.o ABSOLUTE
    __Vectors                                0x00000000   Data           4  startup_lpc11xx.o(RESET)
    __ARM_exceptions_init                     - Undefined Weak Reference
    __alloca_initialize                       - Undefined Weak Reference
    __arm_preinit_                            - Undefined Weak Reference
    __cpp_initialize__aeabi_                  - Undefined Weak Reference
    __cxa_finalize                            - Undefined Weak Reference
    __rt_locale                               - Undefined Weak Reference
    __sigvec_lookup                           - Undefined Weak Reference
    _atexit_init                              - Undefined Weak Reference
    _call_atexit_fns                          - Undefined Weak Reference
    _clock_init                               - Undefined Weak Reference
    _fp_trap_init                             - Undefined Weak Reference
    _fp_trap_shutdown                         - Undefined Weak Reference
    _get_lc_collate                           - Undefined Weak Reference
    _get_lc_ctype                             - Undefined Weak Reference
    _get_lc_monetary                          - Undefined Weak Reference
    _get_lc_numeric                           - Undefined Weak Reference
    _get_lc_time                              - Undefined Weak Reference
    _getenv_init                              - Undefined Weak Reference
    _handle_redirection                       - Undefined Weak Reference
    _init_alloc                               - Undefined Weak Reference
    _init_user_alloc                          - Undefined Weak Reference
    _initio                                   - Undefined Weak Reference
    _printf_post_padding                      - Undefined Weak Reference
    _printf_pre_padding                       - Undefined Weak Reference
    _printf_truncate_signed                   - Undefined Weak Reference
    _printf_truncate_unsigned                 - Undefined Weak Reference
    _rand_init                                - Undefined Weak Reference
    _signal_finish                            - Undefined Weak Reference
    _signal_init                              - Undefined Weak Reference
    _terminate_alloc                          - Undefined Weak Reference
    _terminate_user_alloc                     - Undefined Weak Reference
    _terminateio                              - Undefined Weak Reference
    __main                                   0x000000c1   Thumb Code     8  __main.o(!!!main)
    __scatterload                            0x000000c9   Thumb Code     0  __scatter.o(!!!scatter)
    __scatterload_rt2                        0x000000c9   Thumb Code    52  __scatter.o(!!!scatter)
    __scatterload_rt2_thumb_only             0x000000c9   Thumb Code     0  __scatter.o(!!!scatter)
    __scatterload_null                       0x000000d9   Thumb Code     0  __scatter.o(!!!scatter)
    __scatterload_copy                       0x00000105   Thumb Code    26  __scatter_copy.o(!!handler_copy)
    __scatterload_zeroinit                   0x00000121   Thumb Code    28  __scatter_zi.o(!!handler_zi)
    _printf_percent                          0x0000013d   Thumb Code     0  _printf_percent.o(.ARM.Collect$$_printf_percent$$00000000)
    _printf_d                                0x0000013f   Thumb Code     0  _printf_d.o(.ARM.Collect$$_printf_percent$$00000009)
    _printf_x                                0x00000149   Thumb Code     0  _printf_x.o(.ARM.Collect$$_printf_percent$$0000000C)
    _printf_percent_end                      0x00000153   Thumb Code     0  _printf_percent_end.o(.ARM.Collect$$_printf_percent$$00000017)
    __rt_lib_init                            0x00000157   Thumb Code     0  libinit.o(.ARM.Collect$$libinit$$00000000)
    __rt_lib_init_alloca_1                   0x00000159   Thumb Code     0  libinit2.o(.ARM.Collect$$libinit$$0000002E)
    __rt_lib_init_argv_1                     0x00000159   Thumb Code     0  libinit2.o(.ARM.Collect$$libinit$$0000002C)
    __rt_lib_init_atexit_1                   0x00000159   Thumb Code     0  libinit2.o(.ARM.Collect$$libinit$$0000001B)
    __rt_lib_init_clock_1                    0x00000159   Thumb Code     0  libinit2.o(.ARM.Collect$$libinit$$00000021)
    __rt_lib_init_cpp_1                      0x00000159   Thumb Code     0  libinit2.o(.ARM.Collect$$libinit$$00000032)
    __rt_lib_init_exceptions_1               0x00000159   Thumb Code     0  libinit2.o(.ARM.Collect$$libinit$$00000030)
    __rt_lib_init_fp_1                       0x00000159   Thumb Code     0  libinit2.o(.ARM.Collect$$libinit$$00000002)
    __rt_lib_init_fp_trap_1                  0x00000159   Thumb Code     0  libinit2.o(.ARM.Collect$$libinit$$0000001F)
    __rt_lib_init_getenv_1                   0x00000159   Thumb Code     0  libinit2.o(.ARM.Collect$$libinit$$00000023)
    __rt_lib_init_heap_1                     0x00000159   Thumb Code     0  libinit2.o(.ARM.Collect$$libinit$$0000000A)
    __rt_lib_init_lc_collate_1               0x00000159   Thumb Code     0  libinit2.o(.ARM.Collect$$libinit$$00000011)
    __rt_lib_init_lc_ctype_1                 0x00000159   Thumb Code     0  libinit2.o(.ARM.Collect$$libinit$$00000013)
    __rt_lib_init_lc_monetary_1              0x00000159   Thumb Code     0  libinit2.o(.ARM.Collect$$libinit$$00000015)
    __rt_lib_init_lc_numeric_1               0x00000159   Thumb Code     0  libinit2.o(.ARM.Collect$$libinit$$00000017)
    __rt_lib_init_lc_time_1                  0x00000159   Thumb Code     0  libinit2.o(.ARM.Collect$$libinit$$00000019)
    __rt_lib_init_preinit_1                  0x00000159   Thumb Code     0  libinit2.o(.ARM.Collect$$libinit$$00000004)
    __rt_lib_init_rand_1                     0x00000159   Thumb Code     0  libinit2.o(.ARM.Collect$$libinit$$0000000E)
    __rt_lib_init_return                     0x00000159   Thumb Code     0  libinit2.o(.ARM.Collect$$libinit$$00000033)
    __rt_lib_init_signal_1                   0x00000159   Thumb Code     0  libinit2.o(.ARM.Collect$$libinit$$0000001D)
    __rt_lib_init_stdio_1                    0x00000159   Thumb Code     0  libinit2.o(.ARM.Collect$$libinit$$00000025)
    __rt_lib_init_user_alloc_1               0x00000159   Thumb Code     0  libinit2.o(.ARM.Collect$$libinit$$0000000C)
    __rt_lib_shutdown                        0x0000015b   Thumb Code     0  libshutdown.o(.ARM.Collect$$libshutdown$$00000000)
    __rt_lib_shutdown_cpp_1                  0x0000015d   Thumb Code     0  libshutdown2.o(.ARM.Collect$$libshutdown$$00000002)
    __rt_lib_shutdown_fp_trap_1              0x0000015d   Thumb Code     0  libshutdown2.o(.ARM.Collect$$libshutdown$$00000007)
    __rt_lib_shutdown_heap_1                 0x0000015d   Thumb Code     0  libshutdown2.o(.ARM.Collect$$libshutdown$$0000000F)
    __rt_lib_shutdown_return                 0x0000015d   Thumb Code     0  libshutdown2.o(.ARM.Collect$$libshutdown$$00000010)
    __rt_lib_shutdown_signal_1               0x0000015d   Thumb Code     0  libshutdown2.o(.ARM.Collect$$libshutdown$$0000000A)
    __rt_lib_shutdown_stdio_1                0x0000015d   Thumb Code     0  libshutdown2.o(.ARM.Collect$$libshutdown$$00000004)
    __rt_lib_shutdown_user_alloc_1           0x0000015d   Thumb Code     0  libshutdown2.o(.ARM.Collect$$libshutdown$$0000000C)
    __rt_entry                               0x0000015f   Thumb Code     0  __rtentry.o(.ARM.Collect$$rtentry$$00000000)
    __rt_entry_presh_1                       0x0000015f   Thumb Code     0  __rtentry2.o(.ARM.Collect$$rtentry$$00000002)
    __rt_entry_sh                            0x0000015f   Thumb Code     0  __rtentry4.o(.ARM.Collect$$rtentry$$00000004)
    __rt_entry_li                            0x00000165   Thumb Code     0  __rtentry2.o(.ARM.Collect$$rtentry$$0000000A)
    __rt_entry_postsh_1                      0x00000165   Thumb Code     0  __rtentry2.o(.ARM.Collect$$rtentry$$00000009)
    __rt_entry_main                          0x00000169   Thumb Code     0  __rtentry2.o(.ARM.Collect$$rtentry$$0000000D)
    __rt_entry_postli_1                      0x00000169   Thumb Code     0  __rtentry2.o(.ARM.Collect$$rtentry$$0000000C)
    __rt_exit                                0x00000171   Thumb Code     0  rtexit.o(.ARM.Collect$$rtexit$$00000000)
    __rt_exit_ls                             0x00000173   Thumb Code     0  rtexit2.o(.ARM.Collect$$rtexit$$00000003)
    __rt_exit_prels_1                        0x00000173   Thumb Code     0  rtexit2.o(.ARM.Collect$$rtexit$$00000002)
    __rt_exit_exit                           0x00000177   Thumb Code     0  rtexit2.o(.ARM.Collect$$rtexit$$00000004)
    Reset_Handler                            0x0000017d   Thumb Code     8  startup_lpc11xx.o(.text)
    NMI_Handler                              0x00000185   Thumb Code     2  startup_lpc11xx.o(.text)
    HardFault_Handler                        0x00000187   Thumb Code     2  startup_lpc11xx.o(.text)
    SVC_Handler                              0x00000189   Thumb Code     2  startup_lpc11xx.o(.text)
    PendSV_Handler                           0x0000018b   Thumb Code     2  startup_lpc11xx.o(.text)
    SysTick_Handler                          0x0000018d   Thumb Code     2  startup_lpc11xx.o(.text)
    ADC_IRQHandler                           0x0000018f   Thumb Code     0  startup_lpc11xx.o(.text)
    BOD_IRQHandler                           0x0000018f   Thumb Code     0  startup_lpc11xx.o(.text)
    CAN_IRQHandler                           0x0000018f   Thumb Code     0  startup_lpc11xx.o(.text)
    FMC_IRQHandler                           0x0000018f   Thumb Code     0  startup_lpc11xx.o(.text)
    PIOINT0_IRQHandler                       0x0000018f   Thumb Code     0  startup_lpc11xx.o(.text)
    PIOINT1_IRQHandler                       0x0000018f   Thumb Code     0  startup_lpc11xx.o(.text)
    PIOINT2_IRQHandler                       0x0000018f   Thumb Code     0  startup_lpc11xx.o(.text)
    PIOINT3_IRQHandler                       0x0000018f   Thumb Code     0  startup_lpc11xx.o(.text)
    TIMER16_0_IRQHandler                     0x0000018f   Thumb Code     0  startup_lpc11xx.o(.text)
    TIMER16_1_IRQHandler                     0x0000018f   Thumb Code     0  startup_lpc11xx.o(.text)
    TIMER32_0_IRQHandler                     0x0000018f   Thumb Code     0  startup_lpc11xx.o(.text)
    TIMER32_1_IRQHandler                     0x0000018f   Thumb Code     0  startup_lpc11xx.o(.text)
    USB_FIQHandler                           0x0000018f   Thumb Code     0  startup_lpc11xx.o(.text)
    USB_IRQHandler                           0x0000018f   Thumb Code     0  startup_lpc11xx.o(.text)
    WAKEUP_IRQHandler                        0x0000018f   Thumb Code     0  startup_lpc11xx.o(.text)
    WDT_IRQHandler                           0x0000018f   Thumb Code     0  startup_lpc11xx.o(.text)
    __user_initial_stackheap                 0x00000191   Thumb Code     0  startup_lpc11xx.o(.text)
    Delay_Init                               0x000001b1   Thumb Code    52  cpu_lpc1000.o(.text)
    Delay_us                                 0x000001e5   Thumb Code    18  cpu_lpc1000.o(.text)
    SPI                                      0x000001f7   Thumb Code    42  cpu_lpc1000.o(.text)
    fputc                                    0x000002b1   Thumb Code    14  retarget.o(.text)
    fgetc                                    0x000002bf   Thumb Code    10  retarget.o(.text)
    ferror                                   0x000002c9   Thumb Code     8  retarget.o(.text)
    _ttywrch                                 0x000002d1   Thumb Code    12  retarget.o(.text)
    _sys_exit                                0x000002dd   Thumb Code     4  retarget.o(.text)
    __I$use$semihosting                      0x000002e1   Thumb Code     0  use_no_semi.o(.text)
    __use_no_semihosting_swi                 0x000002e1   Thumb Code     2  use_no_semi.o(.text)
    __use_two_region_memory                  0x000002e3   Thumb Code     2  heapauxi.o(.text)
    __rt_heap_escrow$2region                 0x000002e5   Thumb Code     2  heapauxi.o(.text)
    __rt_heap_expand$2region                 0x000002e7   Thumb Code     2  heapauxi.o(.text)
    __aeabi_errno_addr                       0x000002e9   Thumb Code     8  rt_errno_addr_intlibspace.o(.text)
    __errno$intlibspace                      0x000002e9   Thumb Code     0  rt_errno_addr_intlibspace.o(.text)
    __rt_errno_addr$intlibspace              0x000002e9   Thumb Code     0  rt_errno_addr_intlibspace.o(.text)
    __user_libspace                          0x000002f1   Thumb Code     8  libspace.o(.text)
    __user_perproc_libspace                  0x000002f1   Thumb Code     0  libspace.o(.text)
    __user_perthread_libspace                0x000002f1   Thumb Code     0  libspace.o(.text)
    __I$use$fp                               0x000002f8   Number         0  usenofp.o(x$fpl$usenofp)
    SystemCoreClockUpdate                    0x00000301   Thumb Code   368  system_lpc11xx.o(.text)
    SystemInit                               0x00000471   Thumb Code   114  system_lpc11xx.o(.text)
    SER_init                                 0x00000531   Thumb Code    62  main.o(.text)
    Led_Blink                                0x0000056f   Thumb Code    36  main.o(.text)
    NRF24L01_Print_Register                  0x00000593   Thumb Code    74  main.o(.text)
    NRF24L01_Print_R                         0x000005dd   Thumb Code    52  main.o(.text)
    NRF24L01_Receive                         0x00000611   Thumb Code    84  main.o(.text)
    NRF24L01_Send                            0x00000665   Thumb Code    86  main.o(.text)
    main                                     0x000006bb   Thumb Code   328  main.o(.text)
    reset_timer32                            0x0000086d   Thumb Code    38  timer32_1.o(.text)
    init_timer32                             0x00000893   Thumb Code    64  timer32_1.o(.text)
    delay32Us                                0x000008d3   Thumb Code    76  timer32_1.o(.text)
    delay32Ms                                0x0000091f   Thumb Code    76  timer32_1.o(.text)
    enable_timer32                           0x0000096b   Thumb Code    24  timer32_1.o(.text)
    disable_timer32                          0x00000983   Thumb Code    24  timer32_1.o(.text)
    read_timer32                             0x0000099b   Thumb Code    22  timer32_1.o(.text)
    init_timer32PWM                          0x000009b1   Thumb Code   416  timer32_1.o(.text)
    setMatch_timer32PWM                      0x00000b51   Thumb Code    98  timer32_1.o(.text)
    clearBuffer                              0x00000bd1   Thumb Code    18  mpu6050.o(.text)
    MPU6050_init                             0x00000be3   Thumb Code   210  mpu6050.o(.text)
    MPU6050_whoami                           0x00000cb5   Thumb Code    58  mpu6050.o(.text)
    MPU6050_getAccel_z_raw                   0x00000cef   Thumb Code    64  mpu6050.o(.text)
    MPU6050_getAccel_y_raw                   0x00000d2f   Thumb Code    64  mpu6050.o(.text)
    MPU6050_getAccel_x_raw                   0x00000d6f   Thumb Code    64  mpu6050.o(.text)
    MPU6050_getGyroX_raw                     0x00000daf   Thumb Code    64  mpu6050.o(.text)
    MPU6050_getGyroZ_raw                     0x00000def   Thumb Code    64  mpu6050.o(.text)
    MPU6050_getGyroRoll_raw                  0x00000e2f   Thumb Code    64  mpu6050.o(.text)
    MPU6050_setZero                          0x00000e6f   Thumb Code   260  mpu6050.o(.text)
    MPU6050_getGyroRoll_degree               0x00000f73   Thumb Code    36  mpu6050.o(.text)
    MPU6050_getGyroRoll_rad                  0x00000f97   Thumb Code   122  mpu6050.o(.text)
    MPU6050_getAccel_x                       0x00001011   Thumb Code    30  mpu6050.o(.text)
    MPU6050_getAccel_z                       0x0000102f   Thumb Code    30  mpu6050.o(.text)
    MPU6050_getAccel_y                       0x0000104d   Thumb Code    30  mpu6050.o(.text)
    MPU6050_getGyroX                         0x0000106b   Thumb Code    36  mpu6050.o(.text)
    MPU6050_getGyroZ                         0x0000108f   Thumb Code    36  mpu6050.o(.text)
    I2C_IRQHandler                           0x000010bd   Thumb Code   428  i2c.o(.text)
    I2CStart                                 0x00001269   Thumb Code    42  i2c.o(.text)
    I2CStop                                  0x00001293   Thumb Code    30  i2c.o(.text)
    I2CInit                                  0x000012b1   Thumb Code   118  i2c.o(.text)
    I2CEngine                                0x00001327   Thumb Code    74  i2c.o(.text)
    SSP0_IRQHandler                          0x000013a1   Thumb Code    72  ssp.o(.text)
    SSP1_IRQHandler                          0x000013e9   Thumb Code    72  ssp.o(.text)
    SSP_IOConfig                             0x00001431   Thumb Code   334  ssp.o(.text)
    SSP_Init                                 0x0000157f   Thumb Code   102  ssp.o(.text)
    SSP_Send                                 0x000015e5   Thumb Code   106  ssp.o(.text)
    SSP_Receive                              0x0000164f   Thumb Code    76  ssp.o(.text)
    UART_IRQHandler                          0x000016e5   Thumb Code   186  uart.o(.text)
    ModemInit                                0x0000179f   Thumb Code   190  uart.o(.text)
    UARTInit                                 0x0000185d   Thumb Code   268  uart.o(.text)
    UARTSend                                 0x00001969   Thumb Code    32  uart.o(.text)
    UARTAvailable                            0x00001989   Thumb Code     6  uart.o(.text)
    UARTPeek                                 0x0000198f   Thumb Code     6  uart.o(.text)
    sendchar                                 0x00001995   Thumb Code    20  uart.o(.text)
    getkey                                   0x000019a9   Thumb Code    52  uart.o(.text)
    NRF24L01_ReadReg                         0x00001a09   Thumb Code    38  nrf24l01.o(.text)
    NRF24L01_WriteReg                        0x00001a2f   Thumb Code    40  nrf24l01.o(.text)
    NRF24L01_ReadRegBuf                      0x00001a57   Thumb Code    54  nrf24l01.o(.text)
    NRF24L01_WriteRegBuf                     0x00001a8d   Thumb Code    52  nrf24l01.o(.text)
    NRF24L01_DRint_Init                      0x00001ac1   Thumb Code    24  nrf24l01.o(.text)
    NRF24L01_Get_Status                      0x00001ad9   Thumb Code    30  nrf24l01.o(.text)
    NRF24L01_Get_CD                          0x00001af7   Thumb Code    14  nrf24l01.o(.text)
    NRF24L01_Set_Power                       0x00001b05   Thumb Code    30  nrf24l01.o(.text)
    NRF24L01_Set_CH                          0x00001b23   Thumb Code    16  nrf24l01.o(.text)
    NRF24L01_Set_ShockBurst                  0x00001b33   Thumb Code    22  nrf24l01.o(.text)
    NRF24L01_Set_Address_Width               0x00001b49   Thumb Code    20  nrf24l01.o(.text)
    NRF24L01_Set_Device_Mode                 0x00001b5d   Thumb Code    56  nrf24l01.o(.text)
    NRF24L01_Set_RX_Pipe                     0x00001b95   Thumb Code    70  nrf24l01.o(.text)
    NRF24L01_Disable_All_Pipes               0x00001bdb   Thumb Code    12  nrf24l01.o(.text)
    NRF24L01_Clear_Interrupts                0x00001be7   Thumb Code    12  nrf24l01.o(.text)
    NRF24L01_Set_TX_Address                  0x00001bf3   Thumb Code    18  nrf24l01.o(.text)
    NRF24L01_Flush_TX                        0x00001c05   Thumb Code    26  nrf24l01.o(.text)
    NRF24L01_Flush_RX                        0x00001c1f   Thumb Code    26  nrf24l01.o(.text)
    NRF24L01_Init                            0x00001c39   Thumb Code   120  nrf24l01.o(.text)
    NRF24L01_Init_Auto_Ack                   0x00001cb1   Thumb Code   142  nrf24l01.o(.text)
    NRF24L01_RF_TX                           0x00001d3f   Thumb Code    32  nrf24l01.o(.text)
    NRF24L01_Write_TX_Buf                    0x00001d5f   Thumb Code    18  nrf24l01.o(.text)
    NRF24L01_Read_RX_Buf                     0x00001d71   Thumb Code    18  nrf24l01.o(.text)
    complementary_filter                     0x00001d8d   Thumb Code   732  complementary.o(.text)
    __2printf                                0x000020bd   Thumb Code    22  noretval__2printf.o(.text)
    __printf                                 0x000020d9   Thumb Code   108  __printf.o(.text)
    _printf_int_dec                          0x00002145   Thumb Code    90  _printf_dec.o(.text)
    _printf_int_hex                          0x000021b1   Thumb Code    84  _printf_hex_int.o(.text)
    _printf_longlong_hex                     0x000021b1   Thumb Code     0  _printf_hex_int.o(.text)
    strncmp                                  0x00002209   Thumb Code   154  strncmp.o(.text)
    _memset_w                                0x000022a9   Thumb Code    26  rt_memclr.o(.text)
    _memset                                  0x000022c3   Thumb Code    30  rt_memclr.o(.text)
    __aeabi_memclr                           0x000022e1   Thumb Code     4  rt_memclr.o(.text)
    __rt_memclr                              0x000022e1   Thumb Code     0  rt_memclr.o(.text)
    __aeabi_memclr4                          0x000022e5   Thumb Code     0  rt_memclr.o(.text)
    __aeabi_memclr8                          0x000022e5   Thumb Code     0  rt_memclr.o(.text)
    __rt_memclr_w                            0x000022e5   Thumb Code     4  rt_memclr.o(.text)
    __aeabi_uidiv                            0x000022e9   Thumb Code     0  aeabi_sdiv.o(.text)
    __aeabi_uidivmod                         0x000022e9   Thumb Code    20  aeabi_sdiv.o(.text)
    __aeabi_idiv                             0x000022fd   Thumb Code     0  aeabi_sdiv.o(.text)
    __aeabi_idivmod                          0x000022fd   Thumb Code   326  aeabi_sdiv.o(.text)
    __aeabi_d2f                              0x00002445   Thumb Code     0  d2f.o(.text)
    _d2f                                     0x00002445   Thumb Code   120  d2f.o(.text)
    __aeabi_dadd                             0x000027b9   Thumb Code     0  daddsub.o(.text)
    _dadd                                    0x000027b9   Thumb Code    26  daddsub.o(.text)
    __aeabi_dsub                             0x000027d3   Thumb Code     0  daddsub.o(.text)
    _dsub                                    0x000027d3   Thumb Code    22  daddsub.o(.text)
    __aeabi_drsub                            0x000027e9   Thumb Code     0  daddsub.o(.text)
    _drsb                                    0x000027e9   Thumb Code    28  daddsub.o(.text)
    __aeabi_ddiv                             0x00002819   Thumb Code     0  ddiv.o(.text)
    _ddiv                                    0x00002819   Thumb Code  1072  ddiv.o(.text)
    _drdiv                                   0x00002c49   Thumb Code    20  ddiv.o(.text)
    __aeabi_i2d_normalise                    0x00002c61   Thumb Code    66  dflti.o(.text)
    __aeabi_i2d                              0x00002ca3   Thumb Code    16  dflti.o(.text)
    _dflt                                    0x00002ca3   Thumb Code     0  dflti.o(.text)
    __aeabi_ui2d                             0x00002cb3   Thumb Code     6  dflti.o(.text)
    _dfltu                                   0x00002cb3   Thumb Code     0  dflti.o(.text)
    __aeabi_dmul                             0x00002cb9   Thumb Code     0  dmul.o(.text)
    _dmul                                    0x00002cb9   Thumb Code   558  dmul.o(.text)
    __aeabi_f2d                              0x00002f01   Thumb Code     0  f2d.o(.text)
    _f2d                                     0x00002f01   Thumb Code    80  f2d.o(.text)
    __aeabi_fdiv                             0x00002f55   Thumb Code     0  fdiv.o(.text)
    _fdiv                                    0x00002f55   Thumb Code   334  fdiv.o(.text)
    _frdiv                                   0x000030a3   Thumb Code     8  fdiv.o(.text)
    __aeabi_i2f_normalise                    0x000030b5   Thumb Code    72  fflti.o(.text)
    __aeabi_i2f                              0x000030fd   Thumb Code    16  fflti.o(.text)
    _fflt                                    0x000030fd   Thumb Code     0  fflti.o(.text)
    __aeabi_ui2f                             0x0000310d   Thumb Code     6  fflti.o(.text)
    _ffltu                                   0x0000310d   Thumb Code     0  fflti.o(.text)
    __read_errno                             0x00003113   Thumb Code    10  _rserrno.o(.text)
    __set_errno                              0x0000311d   Thumb Code    12  _rserrno.o(.text)
    _printf_int_common                       0x00003129   Thumb Code   176  _printf_intcommon.o(.text)
    _printf_char_file                        0x000031d9   Thumb Code    34  _printf_char_file.o(.text)
    __rt_udiv10                              0x00003201   Thumb Code    40  rtudiv10.o(.text)
    _dsqrt                                   0x00003229   Thumb Code   248  dsqrt.o(.text)
    __fpl_fcmp_InfNaN                        0x00003329   Thumb Code    96  fcmpin.o(.text)
    _printf_char_common                      0x00003397   Thumb Code    32  _printf_char_common.o(.text)
    __fpl_cmpreturn                          0x000033bd   Thumb Code    46  cmpret.o(.text)
    __ARM_scalbn                             0x000033ed   Thumb Code    84  dscalbn.o(.text)
    __fpl_fcheck_NaN2                        0x0000344d   Thumb Code    10  fnan2.o(.text)
    __user_setup_stackheap                   0x0000345d   Thumb Code    62  sys_stackheap_outer.o(.text)
    exit                                     0x0000349b   Thumb Code    16  exit.o(.text)
    __fpl_return_NaN                         0x000034ab   Thumb Code    94  retnan.o(.text)
    __ARM_common_switch8                     0x00003509   Thumb Code    28  system_lpc11xx.o(i.__ARM_common_switch8)
    __ARM_fpclassify                         0x00003525   Thumb Code    40  fpclassify.o(i.__ARM_fpclassify)
    __kernel_poly                            0x00003551   Thumb Code   172  poly.o(i.__kernel_poly)
    __mathlib_dbl_infnan                     0x000035fd   Thumb Code    10  dunder.o(i.__mathlib_dbl_infnan)
    __mathlib_dbl_infnan2                    0x00003607   Thumb Code     8  dunder.o(i.__mathlib_dbl_infnan2)
    __mathlib_dbl_underflow                  0x00003611   Thumb Code    14  dunder.o(i.__mathlib_dbl_underflow)
    atan                                     0x00003625   Thumb Code   472  atan.o(i.atan)
    atan2                                    0x00003841   Thumb Code   334  atan2.o(i.atan2)
    sqrt                                     0x000039b9   Thumb Code    66  sqrt.o(i.sqrt)
    __aeabi_fadd                             0x00003a01   Thumb Code     0  faddsub.o(x$fpl$fadd)
    _fadd                                    0x00003a01   Thumb Code   134  faddsub.o(x$fpl$fadd)
    __aeabi_fmul                             0x00003a8d   Thumb Code     0  fmul.o(x$fpl$fmul)
    _fmul                                    0x00003a8d   Thumb Code   172  fmul.o(x$fpl$fmul)
    __aeabi_cfrcmple                         0x00003b3d   Thumb Code     0  frlef.o(x$fpl$frleqf)
    _frcmple                                 0x00003b3d   Thumb Code    84  frlef.o(x$fpl$frleqf)
    __aeabi_fsub                             0x00003b95   Thumb Code     0  faddsub.o(x$fpl$fsub)
    _fsub                                    0x00003b95   Thumb Code   204  faddsub.o(x$fpl$fsub)
    __mathlib_zero                           0x00003de8   Data           8  qnan.o(.constdata)
    Region$$Table$$Base                      0x00003df0   Number         0  anon$$obj.o(Region$$Table)
    Region$$Table$$Limit                     0x00003e10   Number         0  anon$$obj.o(Region$$Table)
    SystemCoreClock                          0x10000000   Data           4  system_lpc11xx.o(.data)
    usTicks                                  0x10000004   Data           4  cpu_lpc1000.o(.data)
    __stdout                                 0x10000008   Data           4  retarget.o(.data)
    __stdin                                  0x1000000c   Data           4  retarget.o(.data)
    timer32_0_period                         0x10000010   Data           4  timer32_1.o(.data)
    timer32_1_period                         0x10000014   Data           4  timer32_1.o(.data)
    zero_acc_x                               0x10000018   Data           2  mpu6050.o(.data)
    zero_acc_z                               0x1000001a   Data           2  mpu6050.o(.data)
    zero_acc_y                               0x1000001c   Data           2  mpu6050.o(.data)
    zero_gyro_roll                           0x1000001e   Data           2  mpu6050.o(.data)
    zero_X                                   0x10000020   Data           2  mpu6050.o(.data)
    zero_Z                                   0x10000022   Data           2  mpu6050.o(.data)
    I2CMasterState                           0x10000024   Data           4  i2c.o(.data)
    I2CSlaveState                            0x10000028   Data           4  i2c.o(.data)
    timeout                                  0x1000002c   Data           4  i2c.o(.data)
    I2CMode                                  0x10000030   Data           4  i2c.o(.data)
    I2CCount                                 0x10000034   Data           4  i2c.o(.data)
    I2CReadLength                            0x10000038   Data           4  i2c.o(.data)
    I2CWriteLength                           0x1000003c   Data           4  i2c.o(.data)
    RdIndex                                  0x10000040   Data           4  i2c.o(.data)
    WrIndex                                  0x10000044   Data           4  i2c.o(.data)
    interruptRxStat0                         0x10000048   Data           4  ssp.o(.data)
    interruptOverRunStat0                    0x1000004c   Data           4  ssp.o(.data)
    interruptRxTimeoutStat0                  0x10000050   Data           4  ssp.o(.data)
    interruptRxStat1                         0x10000054   Data           4  ssp.o(.data)
    interruptOverRunStat1                    0x10000058   Data           4  ssp.o(.data)
    interruptRxTimeoutStat1                  0x1000005c   Data           4  ssp.o(.data)
    UARTStatus                               0x10000060   Data           4  uart.o(.data)
    UARTTxEmpty                              0x10000064   Data           1  uart.o(.data)
    UARTCount                                0x10000068   Data           4  uart.o(.data)
    x_filter                                 0x1000006c   Data           4  complementary.o(.data)
    y_filter                                 0x10000070   Data           4  complementary.o(.data)
    z_filter                                 0x10000074   Data           4  complementary.o(.data)
    angle_x                                  0x10000078   Data           4  complementary.o(.data)
    angle_y                                  0x1000007c   Data           4  complementary.o(.data)
    angle_z                                  0x10000080   Data           4  complementary.o(.data)
    pitch                                    0x10000084   Data           4  complementary.o(.data)
    yaw                                      0x10000088   Data           4  complementary.o(.data)
    roll                                     0x1000008c   Data           4  complementary.o(.data)
    sign                                     0x10000090   Data           4  complementary.o(.data)
    Buf                                      0x10000094   Data          32  main.o(.bss)
    I2CMasterBuffer                          0x100000b4   Data          64  i2c.o(.bss)
    I2CSlaveBuffer                           0x100000f4   Data          64  i2c.o(.bss)
    UARTBuffer                               0x10000134   Data          64  uart.o(.bss)
    __libspace_start                         0x10000174   Data          96  libspace.o(.bss)
    __temporary_stack_top$libspace           0x100001d4   Data           0  libspace.o(.bss)



==============================================================================

Memory Map of the image

  Image Entry point : 0x0000017d

  Load Region LR_1 (Base: 0x00000000, Size: 0x00003ea4, Max: 0xffffffff, ABSOLUTE)

    Execution Region ER_RO (Base: 0x00000000, Size: 0x00003e10, Max: 0xffffffff, ABSOLUTE)

    Base Addr    Size         Type   Attr      Idx    E Section Name        Object

    0x00000000   0x000000c0   Data   RO            3    RESET               startup_lpc11xx.o
    0x000000c0   0x00000008   Code   RO          465  * !!!main             c_p.l(__main.o)
    0x000000c8   0x0000003c   Code   RO          738    !!!scatter          c_p.l(__scatter.o)
    0x00000104   0x0000001a   Code   RO          740    !!handler_copy      c_p.l(__scatter_copy.o)
    0x0000011e   0x00000002   PAD
    0x00000120   0x0000001c   Code   RO          742    !!handler_zi        c_p.l(__scatter_zi.o)
    0x0000013c   0x00000002   Code   RO          454    .ARM.Collect$$_printf_percent$$00000000  c_p.l(_printf_percent.o)
    0x0000013e   0x0000000a   Code   RO          453    .ARM.Collect$$_printf_percent$$00000009  c_p.l(_printf_d.o)
    0x00000148   0x0000000a   Code   RO          452    .ARM.Collect$$_printf_percent$$0000000C  c_p.l(_printf_x.o)
    0x00000152   0x00000004   Code   RO          522    .ARM.Collect$$_printf_percent$$00000017  c_p.l(_printf_percent_end.o)
    0x00000156   0x00000002   Code   RO          612    .ARM.Collect$$libinit$$00000000  c_p.l(libinit.o)
    0x00000158   0x00000000   Code   RO          627    .ARM.Collect$$libinit$$00000002  c_p.l(libinit2.o)
    0x00000158   0x00000000   Code   RO          629    .ARM.Collect$$libinit$$00000004  c_p.l(libinit2.o)
    0x00000158   0x00000000   Code   RO          632    .ARM.Collect$$libinit$$0000000A  c_p.l(libinit2.o)
    0x00000158   0x00000000   Code   RO          634    .ARM.Collect$$libinit$$0000000C  c_p.l(libinit2.o)
    0x00000158   0x00000000   Code   RO          636    .ARM.Collect$$libinit$$0000000E  c_p.l(libinit2.o)
    0x00000158   0x00000000   Code   RO          639    .ARM.Collect$$libinit$$00000011  c_p.l(libinit2.o)
    0x00000158   0x00000000   Code   RO          641    .ARM.Collect$$libinit$$00000013  c_p.l(libinit2.o)
    0x00000158   0x00000000   Code   RO          643    .ARM.Collect$$libinit$$00000015  c_p.l(libinit2.o)
    0x00000158   0x00000000   Code   RO          645    .ARM.Collect$$libinit$$00000017  c_p.l(libinit2.o)
    0x00000158   0x00000000   Code   RO          647    .ARM.Collect$$libinit$$00000019  c_p.l(libinit2.o)
    0x00000158   0x00000000   Code   RO          649    .ARM.Collect$$libinit$$0000001B  c_p.l(libinit2.o)
    0x00000158   0x00000000   Code   RO          651    .ARM.Collect$$libinit$$0000001D  c_p.l(libinit2.o)
    0x00000158   0x00000000   Code   RO          653    .ARM.Collect$$libinit$$0000001F  c_p.l(libinit2.o)
    0x00000158   0x00000000   Code   RO          655    .ARM.Collect$$libinit$$00000021  c_p.l(libinit2.o)
    0x00000158   0x00000000   Code   RO          657    .ARM.Collect$$libinit$$00000023  c_p.l(libinit2.o)
    0x00000158   0x00000000   Code   RO          659    .ARM.Collect$$libinit$$00000025  c_p.l(libinit2.o)
    0x00000158   0x00000000   Code   RO          663    .ARM.Collect$$libinit$$0000002C  c_p.l(libinit2.o)
    0x00000158   0x00000000   Code   RO          665    .ARM.Collect$$libinit$$0000002E  c_p.l(libinit2.o)
    0x00000158   0x00000000   Code   RO          667    .ARM.Collect$$libinit$$00000030  c_p.l(libinit2.o)
    0x00000158   0x00000000   Code   RO          669    .ARM.Collect$$libinit$$00000032  c_p.l(libinit2.o)
    0x00000158   0x00000002   Code   RO          670    .ARM.Collect$$libinit$$00000033  c_p.l(libinit2.o)
    0x0000015a   0x00000002   Code   RO          694    .ARM.Collect$$libshutdown$$00000000  c_p.l(libshutdown.o)
    0x0000015c   0x00000000   Code   RO          720    .ARM.Collect$$libshutdown$$00000002  c_p.l(libshutdown2.o)
    0x0000015c   0x00000000   Code   RO          722    .ARM.Collect$$libshutdown$$00000004  c_p.l(libshutdown2.o)
    0x0000015c   0x00000000   Code   RO          725    .ARM.Collect$$libshutdown$$00000007  c_p.l(libshutdown2.o)
    0x0000015c   0x00000000   Code   RO          728    .ARM.Collect$$libshutdown$$0000000A  c_p.l(libshutdown2.o)
    0x0000015c   0x00000000   Code   RO          730    .ARM.Collect$$libshutdown$$0000000C  c_p.l(libshutdown2.o)
    0x0000015c   0x00000000   Code   RO          733    .ARM.Collect$$libshutdown$$0000000F  c_p.l(libshutdown2.o)
    0x0000015c   0x00000002   Code   RO          734    .ARM.Collect$$libshutdown$$00000010  c_p.l(libshutdown2.o)
    0x0000015e   0x00000000   Code   RO          511    .ARM.Collect$$rtentry$$00000000  c_p.l(__rtentry.o)
    0x0000015e   0x00000000   Code   RO          558    .ARM.Collect$$rtentry$$00000002  c_p.l(__rtentry2.o)
    0x0000015e   0x00000006   Code   RO          570    .ARM.Collect$$rtentry$$00000004  c_p.l(__rtentry4.o)
    0x00000164   0x00000000   Code   RO          560    .ARM.Collect$$rtentry$$00000009  c_p.l(__rtentry2.o)
    0x00000164   0x00000004   Code   RO          561    .ARM.Collect$$rtentry$$0000000A  c_p.l(__rtentry2.o)
    0x00000168   0x00000000   Code   RO          563    .ARM.Collect$$rtentry$$0000000C  c_p.l(__rtentry2.o)
    0x00000168   0x00000008   Code   RO          564    .ARM.Collect$$rtentry$$0000000D  c_p.l(__rtentry2.o)
    0x00000170   0x00000002   Code   RO          618    .ARM.Collect$$rtexit$$00000000  c_p.l(rtexit.o)
    0x00000172   0x00000000   Code   RO          672    .ARM.Collect$$rtexit$$00000002  c_p.l(rtexit2.o)
    0x00000172   0x00000004   Code   RO          673    .ARM.Collect$$rtexit$$00000003  c_p.l(rtexit2.o)
    0x00000176   0x00000006   Code   RO          674    .ARM.Collect$$rtexit$$00000004  c_p.l(rtexit2.o)
    0x0000017c   0x00000034   Code   RO            5  * .text               startup_lpc11xx.o
    0x000001b0   0x00000100   Code   RO           59    .text               cpu_lpc1000.o
    0x000002b0   0x00000030   Code   RO           93    .text               retarget.o
    0x000002e0   0x00000002   Code   RO          401    .text               c_p.l(use_no_semi.o)
    0x000002e2   0x00000006   Code   RO          463    .text               c_p.l(heapauxi.o)
    0x000002e8   0x00000008   Code   RO          577    .text               c_p.l(rt_errno_addr_intlibspace.o)
    0x000002f0   0x00000008   Code   RO          593    .text               c_p.l(libspace.o)
    0x000002f8   0x00000000   Code   RO          531    x$fpl$usenofp       fz_ps.l(usenofp.o)
    0x000002f8   0x00000004   PAD
    0x000002fc   0x00000004   Code   RO            4    .ARM.__at_0x02FC    startup_lpc11xx.o
    0x00000300   0x00000230   Code   RO           15    .text               system_lpc11xx.o
    0x00000530   0x0000033c   Code   RO          120    .text               main.o
    0x0000086c   0x00000364   Code   RO          194    .text               timer32_1.o
    0x00000bd0   0x000004ec   Code   RO          215    .text               mpu6050.o
    0x000010bc   0x000002e4   Code   RO          250    .text               i2c.o
    0x000013a0   0x00000344   Code   RO          277    .text               ssp.o
    0x000016e4   0x00000324   Code   RO          300    .text               uart.o
    0x00001a08   0x00000384   Code   RO          366    .text               nrf24l01.o
    0x00001d8c   0x00000330   Code   RO          384    .text               complementary.o
    0x000020bc   0x0000001c   Code   RO          405    .text               c_p.l(noretval__2printf.o)
    0x000020d8   0x0000006c   Code   RO          407    .text               c_p.l(__printf.o)
    0x00002144   0x0000006c   Code   RO          409    .text               c_p.l(_printf_dec.o)
    0x000021b0   0x00000058   Code   RO          414    .text               c_p.l(_printf_hex_int.o)
    0x00002208   0x000000a0   Code   RO          455    .text               c_p.l(strncmp.o)
    0x000022a8   0x00000040   Code   RO          457    .text               c_p.l(rt_memclr.o)
    0x000022e8   0x0000015a   Code   RO          459    .text               c_p.l(aeabi_sdiv.o)
    0x00002442   0x00000002   PAD
    0x00002444   0x0000007c   Code   RO          467    .text               fz_ps.l(d2f.o)
    0x000024c0   0x00000358   Code   RO          469    .text               fz_ps.l(daddsub.o)
    0x00002818   0x00000448   Code   RO          471    .text               fz_ps.l(ddiv.o)
    0x00002c60   0x00000058   Code   RO          474    .text               fz_ps.l(dflti.o)
    0x00002cb8   0x00000248   Code   RO          476    .text               fz_ps.l(dmul.o)
    0x00002f00   0x00000054   Code   RO          478    .text               fz_ps.l(f2d.o)
    0x00002f54   0x00000160   Code   RO          486    .text               fz_ps.l(fdiv.o)
    0x000030b4   0x0000005e   Code   RO          489    .text               fz_ps.l(fflti.o)
    0x00003112   0x00000016   Code   RO          516    .text               c_p.l(_rserrno.o)
    0x00003128   0x000000b0   Code   RO          518    .text               c_p.l(_printf_intcommon.o)
    0x000031d8   0x00000028   Code   RO          520    .text               c_p.l(_printf_char_file.o)
    0x00003200   0x00000028   Code   RO          523    .text               c_p.l(rtudiv10.o)
    0x00003228   0x00000100   Code   RO          527    .text               fz_ps.l(dsqrt.o)
    0x00003328   0x00000064   Code   RO          529    .text               fz_ps.l(fcmpin.o)
    0x0000338c   0x00000030   Code   RO          579    .text               c_p.l(_printf_char_common.o)
    0x000033bc   0x0000002e   Code   RO          581    .text               fz_ps.l(cmpret.o)
    0x000033ea   0x00000002   PAD
    0x000033ec   0x00000060   Code   RO          585    .text               fz_ps.l(dscalbn.o)
    0x0000344c   0x00000010   Code   RO          587    .text               fz_ps.l(fnan2.o)
    0x0000345c   0x0000003e   Code   RO          596    .text               c_p.l(sys_stackheap_outer.o)
    0x0000349a   0x00000010   Code   RO          601    .text               c_p.l(exit.o)
    0x000034aa   0x0000005e   Code   RO          615    .text               fz_ps.l(retnan.o)
    0x00003508   0x0000001c   Code   RO           33    i.__ARM_common_switch8  system_lpc11xx.o
    0x00003524   0x0000002c   Code   RO          589    i.__ARM_fpclassify  m_ps.l(fpclassify.o)
    0x00003550   0x000000ac   Code   RO          591    i.__kernel_poly     m_ps.l(poly.o)
    0x000035fc   0x0000000a   Code   RO          543    i.__mathlib_dbl_infnan  m_ps.l(dunder.o)
    0x00003606   0x00000008   Code   RO          544    i.__mathlib_dbl_infnan2  m_ps.l(dunder.o)
    0x0000360e   0x00000002   PAD
    0x00003610   0x00000014   Code   RO          548    i.__mathlib_dbl_underflow  m_ps.l(dunder.o)
    0x00003624   0x0000021c   Code   RO          533    i.atan              m_ps.l(atan.o)
    0x00003840   0x00000178   Code   RO          496    i.atan2             m_ps.l(atan2.o)
    0x000039b8   0x00000048   Code   RO          504    i.sqrt              m_ps.l(sqrt.o)
    0x00003a00   0x0000008c   Code   RO          480    x$fpl$fadd          fz_ps.l(faddsub.o)
    0x00003a8c   0x000000b0   Code   RO          491    x$fpl$fmul          fz_ps.l(fmul.o)
    0x00003b3c   0x00000058   Code   RO          493    x$fpl$frleqf        fz_ps.l(frlef.o)
    0x00003b94   0x000000d0   Code   RO          482    x$fpl$fsub          fz_ps.l(faddsub.o)
    0x00003c64   0x00000028   Data   RO          415    .constdata          c_p.l(_printf_hex_int.o)
    0x00003c8c   0x00000080   Data   RO          472    .constdata          fz_ps.l(ddiv.o)
    0x00003d0c   0x00000040   Data   RO          487    .constdata          fz_ps.l(fdiv.o)
    0x00003d4c   0x00000004   PAD
    0x00003d50   0x00000098   Data   RO          534    .constdata          m_ps.l(atan.o)
    0x00003de8   0x00000008   Data   RO          556    .constdata          m_ps.l(qnan.o)
    0x00003df0   0x00000020   Data   RO          736    Region$$Table       anon$$obj.o


    Execution Region ER_RW (Base: 0x10000000, Size: 0x00000094, Max: 0xffffffff, ABSOLUTE)

    Base Addr    Size         Type   Attr      Idx    E Section Name        Object

    0x10000000   0x00000004   Data   RW           16    .data               system_lpc11xx.o
    0x10000004   0x00000004   Data   RW           60    .data               cpu_lpc1000.o
    0x10000008   0x00000008   Data   RW           94    .data               retarget.o
    0x10000010   0x00000008   Data   RW          195    .data               timer32_1.o
    0x10000018   0x0000000c   Data   RW          216    .data               mpu6050.o
    0x10000024   0x00000024   Data   RW          252    .data               i2c.o
    0x10000048   0x00000018   Data   RW          278    .data               ssp.o
    0x10000060   0x0000000c   Data   RW          302    .data               uart.o
    0x1000006c   0x00000028   Data   RW          385    .data               complementary.o


    Execution Region ER_ZI (Base: 0x10000094, Size: 0x00000344, Max: 0xffffffff, ABSOLUTE)

    Base Addr    Size         Type   Attr      Idx    E Section Name        Object

    0x10000094   0x00000020   Zero   RW          121    .bss                main.o
    0x100000b4   0x00000080   Zero   RW          251    .bss                i2c.o
    0x10000134   0x00000040   Zero   RW          301    .bss                uart.o
    0x10000174   0x00000060   Zero   RW          594    .bss                c_p.l(libspace.o)
    0x100001d4   0x00000004   PAD
    0x100001d8   0x00000000   Zero   RW            2    HEAP                startup_lpc11xx.o
    0x100001d8   0x00000200   Zero   RW            1    STACK               startup_lpc11xx.o


==============================================================================

Image component sizes


      Code (inc. data)   RO Data    RW Data    ZI Data      Debug   Object Name

       816         84          0         40          0       1260   complementary.o
       256         34          0          4          0       7052   cpu_lpc1000.o
       740         62          0         36        128       7892   i2c.o
       828        106          0          0         32       3336   main.o
      1260         70          0         12          0       5547   mpu6050.o
       900         10          0          0          0       5722   nrf24l01.o
        48          0          0          8          0       2766   retarget.o
       836         60          0         24          0       2745   ssp.o
        56         26        192          0        512        748   startup_lpc11xx.o
       588         96          0          4          0      14265   system_lpc11xx.o
       868         30          0          8          0       3105   timer32_1.o
       804         44          0         12         64       8331   uart.o

    ----------------------------------------------------------------------
      8000        622        224        148        736      62769   Object Totals
         0          0         32          0          0          0   (incl. Generated)
         0          0          0          0          0          0   (incl. Padding)

    ----------------------------------------------------------------------

      Code (inc. data)   RO Data    RW Data    ZI Data      Debug   Library Member Name

         8          0          0          0          0         68   __main.o
       108          0          0          0          0         76   __printf.o
         0          0          0          0          0          0   __rtentry.o
        12          0          0          0          0          0   __rtentry2.o
         6          0          0          0          0          0   __rtentry4.o
        60          8          0          0          0          0   __scatter.o
        26          0          0          0          0          0   __scatter_copy.o
        28          0          0          0          0          0   __scatter_zi.o
        48          6          0          0          0         88   _printf_char_common.o
        40          6          0          0          0         72   _printf_char_file.o
        10          0          0          0          0          0   _printf_d.o
       108         18          0          0          0         76   _printf_dec.o
        88          4         40          0          0         72   _printf_hex_int.o
       176          0          0          0          0         84   _printf_intcommon.o
         2          0          0          0          0          0   _printf_percent.o
         4          0          0          0          0          0   _printf_percent_end.o
        10          0          0          0          0          0   _printf_x.o
        22          0          0          0          0         92   _rserrno.o
       346          0          0          0          0         92   aeabi_sdiv.o
        16          0          0          0          0         68   exit.o
         6          0          0          0          0        136   heapauxi.o
         2          0          0          0          0          0   libinit.o
         2          0          0          0          0          0   libinit2.o
         2          0          0          0          0          0   libshutdown.o
         2          0          0          0          0          0   libshutdown2.o
         8          4          0          0         96         68   libspace.o
        28          6          0          0          0         84   noretval__2printf.o
         8          4          0          0          0         68   rt_errno_addr_intlibspace.o
        64          0          0          0          0        108   rt_memclr.o
         2          0          0          0          0          0   rtexit.o
        10          0          0          0          0          0   rtexit2.o
        40          0          0          0          0         60   rtudiv10.o
       160          6          0          0          0         76   strncmp.o
        62          0          0          0          0         80   sys_stackheap_outer.o
         2          0          0          0          0         68   use_no_semi.o
        46          0          0          0          0         60   cmpret.o
       124          4          0          0          0         72   d2f.o
       856         20          0          0          0        208   daddsub.o
      1096         26        128          0          0        112   ddiv.o
        88          0          0          0          0         92   dflti.o
       584         26          0          0          0         84   dmul.o
        96         12          0          0          0         72   dscalbn.o
       256          8          0          0          0         76   dsqrt.o
        84          4          0          0          0         60   f2d.o
       348          8          0          0          0        160   faddsub.o
       100          4          0          0          0         68   fcmpin.o
       352         10         64          0          0         92   fdiv.o
        94          0          0          0          0         92   fflti.o
       176          4          0          0          0         80   fmul.o
        16          6          0          0          0         68   fnan2.o
        88          4          0          0          0         76   frlef.o
        94          0          0          0          0         68   retnan.o
         0          0          0          0          0          0   usenofp.o
       540         68        152          0          0        112   atan.o
       376         42          0          0          0        144   atan2.o
        38          6          0          0          0        204   dunder.o
        44          4          0          0          0         60   fpclassify.o
       172          0          0          0          0         76   poly.o
         0          0          8          0          0          0   qnan.o
        72          6          0          0          0         76   sqrt.o

    ----------------------------------------------------------------------
      7268        324        396          0        100       3748   Library Totals
        12          0          4          0          4          0   (incl. Padding)

    ----------------------------------------------------------------------

      Code (inc. data)   RO Data    RW Data    ZI Data      Debug   Library Name

      1516         62         40          0         96       1536   c_p.l
      4498        136        192          0          0       1540   fz_ps.l
      1242        126        160          0          0        672   m_ps.l

    ----------------------------------------------------------------------
      7268        324        396          0        100       3748   Library Totals

    ----------------------------------------------------------------------

==============================================================================


      Code (inc. data)   RO Data    RW Data    ZI Data      Debug   

     15268        946        620        148        836      63781   Grand Totals
     15268        946        620        148        836      63781   ELF Image Totals
     15268        946        620        148          0          0   ROM Totals

==============================================================================

    Total RO  Size (Code + RO Data)                15888 (  15.52kB)
    Total RW  Size (RW Data + ZI Data)               984 (   0.96kB)
    Total ROM Size (Code + RO Data + RW Data)      16036 (  15.66kB)

==============================================================================

