<html>
<body>
<pre>
<h1>µVision Build Log</h1>
<h2>Tool Versions:</h2>
IDE-Version: µVision V5.20.0.0
Copyright (C) 2016 ARM Ltd and ARM Germany GmbH. All rights reserved.
License Information: Engineering Workstations UIUC Flex license: MDK-ARM Professional: 100 user(s) (mdk_pro) Operation stops: 15 Dec 2017
 
Tool Versions:
Toolchain:       MDK-ARM Professional: 100 user(s)  Version: 5.20
Toolchain Path:  C:\Keil_v5\ARM\ARMCC\Bin
C Compiler:      Armcc.exe V5.06 update 2 (build 183)
Assembler:       Armasm.exe V5.06 update 2 (build 183)
Linker/Locator:  ArmLink.exe V5.06 update 2 (build 183)
Library Manager: ArmAr.exe V5.06 update 2 (build 183)
Hex Converter:   FromElf.exe V5.06 update 2 (build 183)
CPU DLL:         SARMCM3.DLL V5.20
Dialog DLL:      DARMP1.DLL V1.26.0.0
Target DLL:      UL2CM3.DLL V1.157.18.0
Dialog DLL:      TARMP1.DLL V1.25.0.0
 
<h2>Project:</h2>
C:\ece395\Code\Code1.uvproj
Project File Date:  05/02/2017

<h2>Output:</h2>
*** Using Compiler 'V5.06 update 2 (build 183)', folder: 'C:\Keil_v5\ARM\ARMCC\Bin'
Rebuild target 'Target 1'
assembling startup_LPC11xx.s...
compiling cpu_lpc1000.c...
compiling system_LPC11xx.c...
compiling Retarget.c...
compiling mpu6050.c...
mpu6050.c(353): warning:  #1-D: last line of file ends without a newline
  }
mpu6050.c: 1 warning, 0 errors
compiling timer32.c...
compiling main.c...
main.c(170): warning:  #177-D: variable "ID" was declared but never referenced
  	int ID = 11;
main.c(172): warning:  #177-D: variable "temp" was declared but never referenced
  	float temp;
main.c(173): warning:  #177-D: variable "pitch" was declared but never referenced
  	float pitch,pitch2;
main.c(173): warning:  #177-D: variable "pitch2" was declared but never referenced
  	float pitch,pitch2;
main.c(174): warning:  #177-D: variable "value" was declared but never referenced
  	float * value;
main.c(180): warning:  #177-D: variable "Address" was declared but never referenced
  	char Address[_Address_Width] = { 0x11, 0x22, 0x33, 0x44, 0x55 };
main.c(181): warning:  #177-D: variable "Address2" was declared but never referenced
  	char Address2[_Address_Width] = {0x11, 0x21, 0x33, 0x44, 0x55};
main.c: 7 warnings, 0 errors
compiling gpio.c...
compiling i2c.c...
compiling ssp.c...
compiling kalman.c...
compiling uart.c...
uart.c(154): warning:  #550-D: variable "regVal" was set but never used
    uint32_t regVal;
uart.c: 1 warning, 0 errors
compiling AX12.c...
compiling complementary.c...
compiling nrf24l01.c...
linking...
Program Size: Code=15268 RO-data=620 RW-data=148 ZI-data=836  
".\Code1.axf" - 0 Error(s), 9 Warning(s).
Build Time Elapsed:  00:00:01
</pre>
</body>
</html>
