Component: ARM Compiler 5.06 update 2 (build 183) Tool: armlink [4d35b7]

==============================================================================

Section Cross References

    startup_lpc11xx.o(STACK) refers (Special) to heapauxi.o(.text) for __use_two_region_memory
    startup_lpc11xx.o(HEAP) refers (Special) to heapauxi.o(.text) for __use_two_region_memory
    startup_lpc11xx.o(RESET) refers (Special) to heapauxi.o(.text) for __use_two_region_memory
    startup_lpc11xx.o(RESET) refers to startup_lpc11xx.o(STACK) for __initial_sp
    startup_lpc11xx.o(RESET) refers to startup_lpc11xx.o(.text) for Reset_Handler
    startup_lpc11xx.o(RESET) refers to ssp.o(.text) for SSP1_IRQHandler
    startup_lpc11xx.o(RESET) refers to i2c.o(.text) for I2C_IRQHandler
    startup_lpc11xx.o(RESET) refers to uart.o(.text) for UART_IRQHandler
    startup_lpc11xx.o(.ARM.__at_0x02FC) refers (Special) to heapauxi.o(.text) for __use_two_region_memory
    startup_lpc11xx.o(.text) refers (Special) to heapauxi.o(.text) for __use_two_region_memory
    startup_lpc11xx.o(.text) refers to system_lpc11xx.o(.text) for SystemInit
    startup_lpc11xx.o(.text) refers to __main.o(!!!main) for __main
    startup_lpc11xx.o(.text) refers to startup_lpc11xx.o(HEAP) for Heap_Mem
    startup_lpc11xx.o(.text) refers to startup_lpc11xx.o(STACK) for Stack_Mem
    system_lpc11xx.o(.text) refers to system_lpc11xx.o(i.__ARM_common_switch8) for __ARM_common_switch8
    system_lpc11xx.o(.text) refers to aeabi_sdiv.o(.text) for __aeabi_uidivmod
    system_lpc11xx.o(.text) refers to system_lpc11xx.o(.data) for SystemCoreClock
    cpu_lpc1000.o(.text) refers to aeabi_sdiv.o(.text) for __aeabi_uidivmod
    cpu_lpc1000.o(.text) refers to system_lpc11xx.o(.data) for SystemCoreClock
    cpu_lpc1000.o(.text) refers to cpu_lpc1000.o(.data) for usTicks
    retarget.o(.text) refers (Special) to use_no_semi.o(.text) for __use_no_semihosting_swi
    retarget.o(.text) refers to uart.o(.text) for sendchar
    retarget.o(.data) refers (Special) to use_no_semi.o(.text) for __use_no_semihosting_swi
    main.o(.text) refers to timer32.o(.text) for delay32Ms
    main.o(.text) refers to nrf24l01.o(.text) for NRF24L01_Get_Status
    main.o(.text) refers to rt_memcpy.o(.emb_text) for __aeabi_memcpy4
    main.o(.text) refers to ax12.o(.text) for AX12_begin
    main.o(.text) refers to ssp.o(.text) for SSP_IOConfig
    main.o(.text) refers to strcpy.o(.text) for strcpy
    main.o(.text) refers to atoi.o(.text) for atoi
    main.o(.text) refers to fflti.o(.text) for __aeabi_i2f
    main.o(.text) refers to f2d.o(.text) for __aeabi_f2d
    main.o(.text) refers to ddiv.o(.text) for __aeabi_ddiv
    main.o(.text) refers to dmul.o(.text) for __aeabi_dmul
    main.o(.text) refers to dfixi.o(.text) for __aeabi_d2iz
    main.o(.text) refers to main.o(.constdata) for .constdata
    main.o(.text) refers to main.o(.bss) for Buf
    i2c.o(.text) refers to system_lpc11xx.o(i.__ARM_common_switch8) for __ARM_common_switch8
    i2c.o(.text) refers to i2c.o(.data) for timeout
    i2c.o(.text) refers to i2c.o(.bss) for I2CMasterBuffer
    ssp.o(.text) refers to ssp.o(.data) for interruptOverRunStat0
    timer32.o(.text) refers to timer32.o(.data) for timer32_1_period
    uart.o(.text) refers to uart.o(.data) for UARTStatus
    uart.o(.text) refers to uart.o(.bss) for UARTBuffer
    ax12.o(.text) refers to timer32.o(.text) for delay32Us
    ax12.o(.text) refers to uart.o(.text) for UARTAvailable
    ax12.o(.text) refers to aeabi_sdiv.o(.text) for __aeabi_idivmod
    ax12.o(.text) refers to ax12.o(.data) for Time_Counter
    kalman.o(.text) refers to faddsub.o(x$fpl$fsub) for __aeabi_fsub
    kalman.o(.text) refers to fmul.o(x$fpl$fmul) for __aeabi_fmul
    kalman.o(.text) refers to faddsub.o(x$fpl$fadd) for __aeabi_fadd
    kalman.o(.text) refers to faddsub.o(x$fpl$frsb) for __aeabi_frsub
    kalman.o(.text) refers to fdiv.o(.text) for __aeabi_fdiv
    kalman.o(.text) refers to kalman.o(.data) for Q_angle
    kalman.o(.text) refers to kalman.o(.bss) for P
    mpu6050.o(.text) refers to i2c.o(.text) for I2CEngine
    mpu6050.o(.text) refers to aeabi_sdiv.o(.text) for __aeabi_idivmod
    mpu6050.o(.text) refers to dflti.o(.text) for __aeabi_i2d
    mpu6050.o(.text) refers to ddiv.o(.text) for __aeabi_ddiv
    mpu6050.o(.text) refers to d2f.o(.text) for __aeabi_d2f
    mpu6050.o(.text) refers to dmul.o(.text) for __aeabi_dmul
    mpu6050.o(.text) refers to fdiv.o(.text) for __aeabi_fdiv
    mpu6050.o(.text) refers to fflti.o(.text) for __aeabi_i2f
    mpu6050.o(.text) refers to faddsub.o(x$fpl$fsub) for __aeabi_fsub
    mpu6050.o(.text) refers to ffixi.o(.text) for __aeabi_f2iz
    mpu6050.o(.text) refers to i2c.o(.bss) for I2CMasterBuffer
    mpu6050.o(.text) refers to i2c.o(.data) for I2CWriteLength
    mpu6050.o(.text) refers to mpu6050.o(.data) for zero_gyro_roll
    nrf24l01.o(.text) refers to cpu_lpc1000.o(.text) for SPI
    nrf24l01.o(.text) refers to timer32.o(.text) for delay32Us
    atoi.o(.text) refers to rt_errno_addr_intlibspace.o(.text) for __aeabi_errno_addr
    atoi.o(.text) refers to strtol.o(.text) for strtol
    rt_memcpy.o(.text) refers to rt_memcpy.o(.emb_text) for __aeabi_memcpy4
    __main.o(!!!main) refers to __rtentry.o(.ARM.Collect$$rtentry$$00000000) for __rt_entry
    d2f.o(.text) refers (Special) to usenofp.o(x$fpl$usenofp) for __I$use$fp
    ddiv.o(.text) refers (Special) to usenofp.o(x$fpl$usenofp) for __I$use$fp
    ddiv.o(.text) refers to ddiv.o(.constdata) for .constdata
    ddiv.o(.constdata) refers (Special) to usenofp.o(x$fpl$usenofp) for __I$use$fp
    dfixi.o(.text) refers (Special) to usenofp.o(x$fpl$usenofp) for __I$use$fp
    dflti.o(.text) refers (Special) to usenofp.o(x$fpl$usenofp) for __I$use$fp
    dmul.o(.text) refers (Special) to usenofp.o(x$fpl$usenofp) for __I$use$fp
    f2d.o(.text) refers (Special) to usenofp.o(x$fpl$usenofp) for __I$use$fp
    faddsub.o(x$fpl$fadd) refers (Special) to usenofp.o(x$fpl$usenofp) for __I$use$fp
    faddsub.o(x$fpl$fadd) refers to faddsub.o(x$fpl$fsub) for _fsub1
    faddsub.o(x$fpl$frsb) refers (Special) to usenofp.o(x$fpl$usenofp) for __I$use$fp
    faddsub.o(x$fpl$frsb) refers to faddsub.o(x$fpl$fsub) for _fsub1
    faddsub.o(x$fpl$frsb) refers to faddsub.o(x$fpl$fadd) for _fadd1
    faddsub.o(x$fpl$fsub) refers (Special) to usenofp.o(x$fpl$usenofp) for __I$use$fp
    faddsub.o(x$fpl$fsub) refers to faddsub.o(x$fpl$fadd) for _fadd1
    fdiv.o(.text) refers (Special) to usenofp.o(x$fpl$usenofp) for __I$use$fp
    fdiv.o(.text) refers to fdiv.o(.constdata) for .constdata
    fdiv.o(.constdata) refers (Special) to usenofp.o(x$fpl$usenofp) for __I$use$fp
    ffixi.o(.text) refers (Special) to usenofp.o(x$fpl$usenofp) for __I$use$fp
    fflti.o(.text) refers (Special) to usenofp.o(x$fpl$usenofp) for __I$use$fp
    fmul.o(x$fpl$fmul) refers (Special) to usenofp.o(x$fpl$usenofp) for __I$use$fp
    __rtentry.o(.ARM.Collect$$rtentry$$00000000) refers (Special) to __rtentry2.o(.ARM.Collect$$rtentry$$0000000A) for __rt_entry_li
    __rtentry.o(.ARM.Collect$$rtentry$$00000000) refers (Special) to __rtentry2.o(.ARM.Collect$$rtentry$$0000000D) for __rt_entry_main
    __rtentry.o(.ARM.Collect$$rtentry$$00000000) refers (Special) to __rtentry2.o(.ARM.Collect$$rtentry$$0000000C) for __rt_entry_postli_1
    __rtentry.o(.ARM.Collect$$rtentry$$00000000) refers (Special) to __rtentry2.o(.ARM.Collect$$rtentry$$00000009) for __rt_entry_postsh_1
    __rtentry.o(.ARM.Collect$$rtentry$$00000000) refers (Special) to __rtentry2.o(.ARM.Collect$$rtentry$$00000002) for __rt_entry_presh_1
    __rtentry.o(.ARM.Collect$$rtentry$$00000000) refers (Special) to __rtentry4.o(.ARM.Collect$$rtentry$$00000004) for __rt_entry_sh
    aeabi_idiv0_sigfpe.o(.text) refers to rt_div0.o(.text) for __rt_div0
    rt_errno_addr.o(.text) refers to rt_errno_addr.o(.bss) for __aeabi_errno_addr_data
    rt_errno_addr_intlibspace.o(.text) refers to libspace.o(.bss) for __libspace_start
    strtol.o(.text) refers to rt_ctype_table.o(.text) for __rt_ctype_table
    strtol.o(.text) refers to _strtoul.o(.text) for _strtoul
    strtol.o(.text) refers to rt_errno_addr_intlibspace.o(.text) for __aeabi_errno_addr
    libspace.o(.text) refers to libspace.o(.bss) for __libspace_start
    __rtentry2.o(.ARM.Collect$$rtentry$$00000008) refers to boardinit2.o(.text) for _platform_post_stackheap_init
    __rtentry2.o(.ARM.Collect$$rtentry$$0000000A) refers to libinit.o(.ARM.Collect$$libinit$$00000000) for __rt_lib_init
    __rtentry2.o(.ARM.Collect$$rtentry$$0000000B) refers to boardinit3.o(.text) for _platform_post_lib_init
    __rtentry2.o(.ARM.Collect$$rtentry$$0000000D) refers to main.o(.text) for main
    __rtentry2.o(.ARM.Collect$$rtentry$$0000000D) refers to exit.o(.text) for exit
    __rtentry2.o(.ARM.exidx) refers to __rtentry2.o(.ARM.Collect$$rtentry$$00000001) for .ARM.Collect$$rtentry$$00000001
    __rtentry2.o(.ARM.exidx) refers to __rtentry2.o(.ARM.Collect$$rtentry$$00000008) for .ARM.Collect$$rtentry$$00000008
    __rtentry2.o(.ARM.exidx) refers to __rtentry2.o(.ARM.Collect$$rtentry$$0000000A) for .ARM.Collect$$rtentry$$0000000A
    __rtentry2.o(.ARM.exidx) refers to __rtentry2.o(.ARM.Collect$$rtentry$$0000000B) for .ARM.Collect$$rtentry$$0000000B
    __rtentry2.o(.ARM.exidx) refers to __rtentry2.o(.ARM.Collect$$rtentry$$0000000D) for .ARM.Collect$$rtentry$$0000000D
    __rtentry4.o(.ARM.Collect$$rtentry$$00000004) refers to sys_stackheap_outer.o(.text) for __user_setup_stackheap
    __rtentry4.o(.ARM.exidx) refers to __rtentry4.o(.ARM.Collect$$rtentry$$00000004) for .ARM.Collect$$rtentry$$00000004
    rt_ctype_table.o(.text) refers to rt_locale_intlibspace.o(.text) for __rt_locale
    rt_ctype_table.o(.text) refers to lc_ctype_c.o(locale$$code) for _get_lc_ctype
    rt_div0.o(.text) refers to defsig_fpe_outer.o(.text) for __rt_SIGFPE
    _strtoul.o(.text) refers to _chval.o(.text) for _chval
    _strtoul.o(.text) refers to rt_errno_addr_intlibspace.o(.text) for __aeabi_errno_addr
    sys_stackheap_outer.o(.text) refers to libspace.o(.text) for __user_perproc_libspace
    sys_stackheap_outer.o(.text) refers to startup_lpc11xx.o(.text) for __user_initial_stackheap
    sys_stackheap_outer.o(__vectab_stack_and_reset_area) refers to tempstk.o(.text) for __temporary_stack_top
    sys_stackheap_outer.o(__vectab_stack_and_reset_area) refers to __main.o(!!!main) for __main
    rt_locale.o(.text) refers to rt_locale.o(.bss) for __rt_locale_data
    rt_locale_intlibspace.o(.text) refers to libspace.o(.bss) for __libspace_start
    lc_ctype_c.o(locale$$data) refers (Special) to libinit2.o(.ARM.Collect$$libinit$$00000012) for __rt_lib_init_lc_ctype_2
    lc_ctype_c.o(locale$$code) refers (Special) to libinit2.o(.ARM.Collect$$libinit$$00000012) for __rt_lib_init_lc_ctype_2
    lc_ctype_c.o(locale$$code) refers to strcmp.o(.text) for strcmp
    lc_ctype_c.o(locale$$code) refers to lc_ctype_c.o(locale$$data) for __lcctype_c_name
    exit.o(.text) refers to rtexit.o(.ARM.Collect$$rtexit$$00000000) for __rt_exit
    defsig_fpe_outer.o(.text) refers to defsig_fpe_inner.o(.text) for __rt_SIGFPE_inner
    defsig_fpe_outer.o(.text) refers to defsig_exit.o(.text) for __sig_exit
    defsig_fpe_formal.o(.text) refers to rt_raise.o(.text) for __rt_raise
    libinit.o(.ARM.Collect$$libinit$$00000000) refers (Special) to libinit2.o(.ARM.Collect$$libinit$$0000002E) for __rt_lib_init_alloca_1
    libinit.o(.ARM.Collect$$libinit$$00000000) refers (Special) to libinit2.o(.ARM.Collect$$libinit$$0000002C) for __rt_lib_init_argv_1
    libinit.o(.ARM.Collect$$libinit$$00000000) refers (Special) to libinit2.o(.ARM.Collect$$libinit$$0000001B) for __rt_lib_init_atexit_1
    libinit.o(.ARM.Collect$$libinit$$00000000) refers (Special) to libinit2.o(.ARM.Collect$$libinit$$00000021) for __rt_lib_init_clock_1
    libinit.o(.ARM.Collect$$libinit$$00000000) refers (Special) to libinit2.o(.ARM.Collect$$libinit$$00000032) for __rt_lib_init_cpp_1
    libinit.o(.ARM.Collect$$libinit$$00000000) refers (Special) to libinit2.o(.ARM.Collect$$libinit$$00000030) for __rt_lib_init_exceptions_1
    libinit.o(.ARM.Collect$$libinit$$00000000) refers (Special) to libinit2.o(.ARM.Collect$$libinit$$00000002) for __rt_lib_init_fp_1
    libinit.o(.ARM.Collect$$libinit$$00000000) refers (Special) to libinit2.o(.ARM.Collect$$libinit$$0000001F) for __rt_lib_init_fp_trap_1
    libinit.o(.ARM.Collect$$libinit$$00000000) refers (Special) to libinit2.o(.ARM.Collect$$libinit$$00000023) for __rt_lib_init_getenv_1
    libinit.o(.ARM.Collect$$libinit$$00000000) refers (Special) to libinit2.o(.ARM.Collect$$libinit$$0000000A) for __rt_lib_init_heap_1
    libinit.o(.ARM.Collect$$libinit$$00000000) refers (Special) to libinit2.o(.ARM.Collect$$libinit$$00000011) for __rt_lib_init_lc_collate_1
    libinit.o(.ARM.Collect$$libinit$$00000000) refers (Special) to libinit2.o(.ARM.Collect$$libinit$$00000013) for __rt_lib_init_lc_ctype_1
    libinit.o(.ARM.Collect$$libinit$$00000000) refers (Special) to libinit2.o(.ARM.Collect$$libinit$$00000015) for __rt_lib_init_lc_monetary_1
    libinit.o(.ARM.Collect$$libinit$$00000000) refers (Special) to libinit2.o(.ARM.Collect$$libinit$$00000017) for __rt_lib_init_lc_numeric_1
    libinit.o(.ARM.Collect$$libinit$$00000000) refers (Special) to libinit2.o(.ARM.Collect$$libinit$$00000019) for __rt_lib_init_lc_time_1
    libinit.o(.ARM.Collect$$libinit$$00000000) refers (Special) to libinit2.o(.ARM.Collect$$libinit$$00000004) for __rt_lib_init_preinit_1
    libinit.o(.ARM.Collect$$libinit$$00000000) refers (Special) to libinit2.o(.ARM.Collect$$libinit$$0000000E) for __rt_lib_init_rand_1
    libinit.o(.ARM.Collect$$libinit$$00000000) refers (Special) to libinit2.o(.ARM.Collect$$libinit$$00000033) for __rt_lib_init_return
    libinit.o(.ARM.Collect$$libinit$$00000000) refers (Special) to libinit2.o(.ARM.Collect$$libinit$$0000001D) for __rt_lib_init_signal_1
    libinit.o(.ARM.Collect$$libinit$$00000000) refers (Special) to libinit2.o(.ARM.Collect$$libinit$$00000025) for __rt_lib_init_stdio_1
    libinit.o(.ARM.Collect$$libinit$$00000000) refers (Special) to libinit2.o(.ARM.Collect$$libinit$$0000000C) for __rt_lib_init_user_alloc_1
    rtexit.o(.ARM.Collect$$rtexit$$00000000) refers (Special) to rtexit2.o(.ARM.Collect$$rtexit$$00000004) for __rt_exit_exit
    rtexit.o(.ARM.Collect$$rtexit$$00000000) refers (Special) to rtexit2.o(.ARM.Collect$$rtexit$$00000003) for __rt_exit_ls
    rtexit.o(.ARM.Collect$$rtexit$$00000000) refers (Special) to rtexit2.o(.ARM.Collect$$rtexit$$00000002) for __rt_exit_prels_1
    rtexit.o(.ARM.exidx) refers (Special) to rtexit2.o(.ARM.Collect$$rtexit$$00000004) for __rt_exit_exit
    rtexit.o(.ARM.exidx) refers (Special) to rtexit2.o(.ARM.Collect$$rtexit$$00000003) for __rt_exit_ls
    rtexit.o(.ARM.exidx) refers (Special) to rtexit2.o(.ARM.Collect$$rtexit$$00000002) for __rt_exit_prels_1
    rtexit.o(.ARM.exidx) refers to rtexit.o(.ARM.Collect$$rtexit$$00000000) for .ARM.Collect$$rtexit$$00000000
    rt_raise.o(.text) refers to __raise.o(.text) for __raise
    rt_raise.o(.text) refers to retarget.o(.text) for _sys_exit
    defsig_exit.o(.text) refers to retarget.o(.text) for _sys_exit
    defsig_fpe_inner.o(.text) refers to defsig_general.o(.text) for __default_signal_display
    libinit2.o(.ARM.Collect$$libinit$$0000000F) refers (Weak) to rt_locale_intlibspace.o(.text) for __rt_locale
    libinit2.o(.ARM.Collect$$libinit$$00000010) refers to libinit2.o(.ARM.Collect$$libinit$$0000000F) for .ARM.Collect$$libinit$$0000000F
    libinit2.o(.ARM.Collect$$libinit$$00000012) refers to libinit2.o(.ARM.Collect$$libinit$$0000000F) for .ARM.Collect$$libinit$$0000000F
    libinit2.o(.ARM.Collect$$libinit$$00000012) refers (Weak) to lc_ctype_c.o(locale$$code) for _get_lc_ctype
    libinit2.o(.ARM.Collect$$libinit$$00000014) refers to libinit2.o(.ARM.Collect$$libinit$$0000000F) for .ARM.Collect$$libinit$$0000000F
    libinit2.o(.ARM.Collect$$libinit$$00000016) refers to libinit2.o(.ARM.Collect$$libinit$$0000000F) for .ARM.Collect$$libinit$$0000000F
    libinit2.o(.ARM.Collect$$libinit$$00000018) refers to libinit2.o(.ARM.Collect$$libinit$$0000000F) for .ARM.Collect$$libinit$$0000000F
    libinit2.o(.ARM.Collect$$libinit$$00000026) refers to argv_veneer.o(.text) for __ARM_argv_veneer
    libinit2.o(.ARM.Collect$$libinit$$00000027) refers to argv_veneer.o(.text) for __ARM_argv_veneer
    rtexit2.o(.ARM.Collect$$rtexit$$00000003) refers to libshutdown.o(.ARM.Collect$$libshutdown$$00000000) for __rt_lib_shutdown
    rtexit2.o(.ARM.Collect$$rtexit$$00000004) refers to retarget.o(.text) for _sys_exit
    rtexit2.o(.ARM.exidx) refers to rtexit2.o(.ARM.Collect$$rtexit$$00000001) for .ARM.Collect$$rtexit$$00000001
    rtexit2.o(.ARM.exidx) refers to rtexit2.o(.ARM.Collect$$rtexit$$00000003) for .ARM.Collect$$rtexit$$00000003
    rtexit2.o(.ARM.exidx) refers to rtexit2.o(.ARM.Collect$$rtexit$$00000004) for .ARM.Collect$$rtexit$$00000004
    __raise.o(.text) refers to defsig.o(CL$$defsig) for __default_signal_handler
    defsig_general.o(.text) refers to retarget.o(.text) for _ttywrch
    defsig.o(CL$$defsig) refers to defsig_fpe_inner.o(.text) for __rt_SIGFPE_inner
    defsig.o(CL$$defsig) refers to defsig_rtmem_inner.o(.text) for __rt_SIGRTMEM_inner
    _get_argv_nomalloc.o(.text) refers (Special) to hrguard.o(.text) for __heap_region$guard
    _get_argv_nomalloc.o(.text) refers to defsig_rtmem_outer.o(.text) for __rt_SIGRTMEM
    _get_argv_nomalloc.o(.text) refers to sys_command.o(.text) for _sys_command_string
    libshutdown.o(.ARM.Collect$$libshutdown$$00000000) refers (Special) to libshutdown2.o(.ARM.Collect$$libshutdown$$00000002) for __rt_lib_shutdown_cpp_1
    libshutdown.o(.ARM.Collect$$libshutdown$$00000000) refers (Special) to libshutdown2.o(.ARM.Collect$$libshutdown$$00000007) for __rt_lib_shutdown_fp_trap_1
    libshutdown.o(.ARM.Collect$$libshutdown$$00000000) refers (Special) to libshutdown2.o(.ARM.Collect$$libshutdown$$0000000F) for __rt_lib_shutdown_heap_1
    libshutdown.o(.ARM.Collect$$libshutdown$$00000000) refers (Special) to libshutdown2.o(.ARM.Collect$$libshutdown$$00000010) for __rt_lib_shutdown_return
    libshutdown.o(.ARM.Collect$$libshutdown$$00000000) refers (Special) to libshutdown2.o(.ARM.Collect$$libshutdown$$0000000A) for __rt_lib_shutdown_signal_1
    libshutdown.o(.ARM.Collect$$libshutdown$$00000000) refers (Special) to libshutdown2.o(.ARM.Collect$$libshutdown$$00000004) for __rt_lib_shutdown_stdio_1
    libshutdown.o(.ARM.Collect$$libshutdown$$00000000) refers (Special) to libshutdown2.o(.ARM.Collect$$libshutdown$$0000000C) for __rt_lib_shutdown_user_alloc_1
    sys_command.o(.text) refers (Special) to use_no_semi.o(.text) for __I$use$semihosting
    sys_command.o(.text) refers (Special) to indicate_semi.o(.text) for __semihosting_library_function
    defsig_abrt_inner.o(.text) refers to defsig_general.o(.text) for __default_signal_display
    defsig_rtred_inner.o(.text) refers to defsig_general.o(.text) for __default_signal_display
    defsig_rtmem_inner.o(.text) refers to defsig_general.o(.text) for __default_signal_display
    defsig_rtmem_outer.o(.text) refers to defsig_rtmem_inner.o(.text) for __rt_SIGRTMEM_inner
    defsig_rtmem_outer.o(.text) refers to defsig_exit.o(.text) for __sig_exit
    defsig_rtmem_formal.o(.text) refers to rt_raise.o(.text) for __rt_raise
    defsig_stak_inner.o(.text) refers to defsig_general.o(.text) for __default_signal_display
    defsig_pvfn_inner.o(.text) refers to defsig_general.o(.text) for __default_signal_display
    defsig_cppl_inner.o(.text) refers to defsig_general.o(.text) for __default_signal_display
    defsig_segv_inner.o(.text) refers to defsig_general.o(.text) for __default_signal_display
    defsig_other.o(.text) refers to defsig_general.o(.text) for __default_signal_display


==============================================================================

Removing Unused input sections from the image.

    Removing system_lpc11xx.o(.rev16_text), (4 bytes).
    Removing system_lpc11xx.o(.revsh_text), (4 bytes).
    Removing cpu_lpc1000.o(.rev16_text), (4 bytes).
    Removing cpu_lpc1000.o(.revsh_text), (4 bytes).
    Removing retarget.o(.data), (8 bytes).
    Removing main.o(.rev16_text), (4 bytes).
    Removing main.o(.revsh_text), (4 bytes).
    Removing main.o(.data), (1 bytes).
    Removing gpio.o(.rev16_text), (4 bytes).
    Removing gpio.o(.revsh_text), (4 bytes).
    Removing i2c.o(.rev16_text), (4 bytes).
    Removing i2c.o(.revsh_text), (4 bytes).
    Removing ssp.o(.rev16_text), (4 bytes).
    Removing ssp.o(.revsh_text), (4 bytes).
    Removing timer32.o(.rev16_text), (4 bytes).
    Removing timer32.o(.revsh_text), (4 bytes).
    Removing uart.o(.rev16_text), (4 bytes).
    Removing uart.o(.revsh_text), (4 bytes).
    Removing ax12.o(.rev16_text), (4 bytes).
    Removing ax12.o(.revsh_text), (4 bytes).
    Removing kalman.o(.text), (524 bytes).
    Removing kalman.o(.bss), (16 bytes).
    Removing kalman.o(.data), (40 bytes).
    Removing mpu6050.o(.text), (752 bytes).
    Removing mpu6050.o(.data), (10 bytes).
    Removing nrf24l01.o(.rev16_text), (4 bytes).
    Removing nrf24l01.o(.revsh_text), (4 bytes).

27 unused section(s) (total 1431 bytes) removed from the image.

==============================================================================

Image Symbol Table

    Local Symbols

    Symbol Name                              Value     Ov Type        Size  Object(Section)

    RESET                                    0x00000000   Section      192  startup_lpc11xx.o(RESET)
    ../clib/angel/boardlib.s                 0x00000000   Number         0  boardinit1.o ABSOLUTE
    ../clib/angel/boardlib.s                 0x00000000   Number         0  boardshut.o ABSOLUTE
    ../clib/angel/boardlib.s                 0x00000000   Number         0  boardinit2.o ABSOLUTE
    ../clib/angel/boardlib.s                 0x00000000   Number         0  boardinit3.o ABSOLUTE
    ../clib/angel/handlers.s                 0x00000000   Number         0  __scatter_copy.o ABSOLUTE
    ../clib/angel/handlers.s                 0x00000000   Number         0  __scatter_zi.o ABSOLUTE
    ../clib/angel/kernel.s                   0x00000000   Number         0  rtexit.o ABSOLUTE
    ../clib/angel/kernel.s                   0x00000000   Number         0  __rtentry2.o ABSOLUTE
    ../clib/angel/kernel.s                   0x00000000   Number         0  rtexit2.o ABSOLUTE
    ../clib/angel/kernel.s                   0x00000000   Number         0  __rtentry.o ABSOLUTE
    ../clib/angel/kernel.s                   0x00000000   Number         0  __rtentry4.o ABSOLUTE
    ../clib/angel/rt.s                       0x00000000   Number         0  aeabi_idiv0.o ABSOLUTE
    ../clib/angel/rt.s                       0x00000000   Number         0  rt_locale.o ABSOLUTE
    ../clib/angel/rt.s                       0x00000000   Number         0  rt_locale_intlibspace.o ABSOLUTE
    ../clib/angel/rt.s                       0x00000000   Number         0  aeabi_idiv0_sigfpe.o ABSOLUTE
    ../clib/angel/rt.s                       0x00000000   Number         0  rt_errno_addr_intlibspace.o ABSOLUTE
    ../clib/angel/rt.s                       0x00000000   Number         0  rt_errno_addr.o ABSOLUTE
    ../clib/angel/rt.s                       0x00000000   Number         0  rt_raise.o ABSOLUTE
    ../clib/angel/rt.s                       0x00000000   Number         0  rt_div0.o ABSOLUTE
    ../clib/angel/rt.s                       0x00000000   Number         0  rt_ctype_table.o ABSOLUTE
    ../clib/angel/scatterp.s                 0x00000000   Number         0  __scatter.o ABSOLUTE
    ../clib/angel/startup.s                  0x00000000   Number         0  __main.o ABSOLUTE
    ../clib/angel/sys.s                      0x00000000   Number         0  use_no_semi.o ABSOLUTE
    ../clib/angel/sys.s                      0x00000000   Number         0  indicate_semi.o ABSOLUTE
    ../clib/angel/sys.s                      0x00000000   Number         0  libspace.o ABSOLUTE
    ../clib/angel/sys.s                      0x00000000   Number         0  tempstk.o ABSOLUTE
    ../clib/angel/sys.s                      0x00000000   Number         0  sys_stackheap_outer.o ABSOLUTE
    ../clib/angel/sysapp.c                   0x00000000   Number         0  sys_command.o ABSOLUTE
    ../clib/armsys.c                         0x00000000   Number         0  no_argv.o ABSOLUTE
    ../clib/armsys.c                         0x00000000   Number         0  _get_argv_nomalloc.o ABSOLUTE
    ../clib/armsys.c                         0x00000000   Number         0  argv_veneer.o ABSOLUTE
    ../clib/division.s                       0x00000000   Number         0  aeabi_sdiv_div0.o ABSOLUTE
    ../clib/division.s                       0x00000000   Number         0  aeabi_sdiv.o ABSOLUTE
    ../clib/heapalloc.c                      0x00000000   Number         0  hrguard.o ABSOLUTE
    ../clib/heapaux.c                        0x00000000   Number         0  heapauxi.o ABSOLUTE
    ../clib/libinit.s                        0x00000000   Number         0  libshutdown.o ABSOLUTE
    ../clib/libinit.s                        0x00000000   Number         0  libinit.o ABSOLUTE
    ../clib/libinit.s                        0x00000000   Number         0  libinit2.o ABSOLUTE
    ../clib/libinit.s                        0x00000000   Number         0  libshutdown2.o ABSOLUTE
    ../clib/locale.s                         0x00000000   Number         0  lc_ctype_c.o ABSOLUTE
    ../clib/memcpset.c                       0x00000000   Number         0  rt_memcpy.o ABSOLUTE
    ../clib/memcpset.c                       0x00000000   Number         0  rt_memcpy.o ABSOLUTE
    ../clib/scanf.c                          0x00000000   Number         0  atoi.o ABSOLUTE
    ../clib/scanf.c                          0x00000000   Number         0  strtol.o ABSOLUTE
    ../clib/scanf.c                          0x00000000   Number         0  _strtoul.o ABSOLUTE
    ../clib/scanf.c                          0x00000000   Number         0  _chval.o ABSOLUTE
    ../clib/signal.c                         0x00000000   Number         0  defsig_rtmem_formal.o ABSOLUTE
    ../clib/signal.c                         0x00000000   Number         0  defsig_rtmem_outer.o ABSOLUTE
    ../clib/signal.c                         0x00000000   Number         0  defsig_rtmem_inner.o ABSOLUTE
    ../clib/signal.c                         0x00000000   Number         0  defsig_rtred_inner.o ABSOLUTE
    ../clib/signal.c                         0x00000000   Number         0  defsig_abrt_inner.o ABSOLUTE
    ../clib/signal.c                         0x00000000   Number         0  defsig_general.o ABSOLUTE
    ../clib/signal.c                         0x00000000   Number         0  defsig_fpe_inner.o ABSOLUTE
    ../clib/signal.c                         0x00000000   Number         0  __raise.o ABSOLUTE
    ../clib/signal.c                         0x00000000   Number         0  defsig_exit.o ABSOLUTE
    ../clib/signal.c                         0x00000000   Number         0  defsig_fpe_formal.o ABSOLUTE
    ../clib/signal.c                         0x00000000   Number         0  defsig_fpe_outer.o ABSOLUTE
    ../clib/signal.c                         0x00000000   Number         0  defsig_stak_inner.o ABSOLUTE
    ../clib/signal.c                         0x00000000   Number         0  defsig_other.o ABSOLUTE
    ../clib/signal.c                         0x00000000   Number         0  defsig_segv_inner.o ABSOLUTE
    ../clib/signal.c                         0x00000000   Number         0  defsig_cppl_inner.o ABSOLUTE
    ../clib/signal.c                         0x00000000   Number         0  defsig_pvfn_inner.o ABSOLUTE
    ../clib/signal.s                         0x00000000   Number         0  defsig.o ABSOLUTE
    ../clib/stdlib.c                         0x00000000   Number         0  exit.o ABSOLUTE
    ../clib/string.c                         0x00000000   Number         0  strcpy.o ABSOLUTE
    ../clib/string.c                         0x00000000   Number         0  strcmp.o ABSOLUTE
    ../fplib/cfplib/d2f.c                    0x00000000   Number         0  d2f.o ABSOLUTE
    ../fplib/cfplib/ddiv.c                   0x00000000   Number         0  ddiv.o ABSOLUTE
    ../fplib/cfplib/dmul.c                   0x00000000   Number         0  dmul.o ABSOLUTE
    ../fplib/cfplib/f2d.c                    0x00000000   Number         0  f2d.o ABSOLUTE
    ../fplib/cfplib/fdiv.c                   0x00000000   Number         0  fdiv.o ABSOLUTE
    ../fplib/cfplib/ffix.c                   0x00000000   Number         0  ffixi.o ABSOLUTE
    ../fplib/cfplib/ffix.c                   0x00000000   Number         0  dfixi.o ABSOLUTE
    ../fplib/cfplib/fflt.c                   0x00000000   Number         0  dflti.o ABSOLUTE
    ../fplib/cfplib/fflt.c                   0x00000000   Number         0  fflti.o ABSOLUTE
    ../fplib/cfplib/fpinit.c                 0x00000000   Number         0  fpinit.o ABSOLUTE
    ../fplib/faddsub6m.s                     0x00000000   Number         0  faddsub.o ABSOLUTE
    ../fplib/fmul6m.s                        0x00000000   Number         0  fmul.o ABSOLUTE
    ../fplib/usenofp.s                       0x00000000   Number         0  usenofp.o ABSOLUTE
    AX12.c                                   0x00000000   Number         0  ax12.o ABSOLUTE
    AX12.c                                   0x00000000   Number         0  ax12.o ABSOLUTE
    Retarget.c                               0x00000000   Number         0  retarget.o ABSOLUTE
    cpu_lpc1000.c                            0x00000000   Number         0  cpu_lpc1000.o ABSOLUTE
    cpu_lpc1000.c                            0x00000000   Number         0  cpu_lpc1000.o ABSOLUTE
    dc.s                                     0x00000000   Number         0  dc.o ABSOLUTE
    gpio.c                                   0x00000000   Number         0  gpio.o ABSOLUTE
    gpio.c                                   0x00000000   Number         0  gpio.o ABSOLUTE
    i2c.c                                    0x00000000   Number         0  i2c.o ABSOLUTE
    i2c.c                                    0x00000000   Number         0  i2c.o ABSOLUTE
    kalman.c                                 0x00000000   Number         0  kalman.o ABSOLUTE
    main.c                                   0x00000000   Number         0  main.o ABSOLUTE
    main.c                                   0x00000000   Number         0  main.o ABSOLUTE
    mpu6050.c                                0x00000000   Number         0  mpu6050.o ABSOLUTE
    nrf24l01.c                               0x00000000   Number         0  nrf24l01.o ABSOLUTE
    nrf24l01.c                               0x00000000   Number         0  nrf24l01.o ABSOLUTE
    ssp.c                                    0x00000000   Number         0  ssp.o ABSOLUTE
    ssp.c                                    0x00000000   Number         0  ssp.o ABSOLUTE
    startup_LPC11xx.s                        0x00000000   Number         0  startup_lpc11xx.o ABSOLUTE
    system_LPC11xx.c                         0x00000000   Number         0  system_lpc11xx.o ABSOLUTE
    system_LPC11xx.c                         0x00000000   Number         0  system_lpc11xx.o ABSOLUTE
    timer32.c                                0x00000000   Number         0  timer32.o ABSOLUTE
    timer32.c                                0x00000000   Number         0  timer32.o ABSOLUTE
    uart.c                                   0x00000000   Number         0  uart.o ABSOLUTE
    uart.c                                   0x00000000   Number         0  uart.o ABSOLUTE
    !!!main                                  0x000000c0   Section        8  __main.o(!!!main)
    !!!scatter                               0x000000c8   Section       60  __scatter.o(!!!scatter)
    !!handler_copy                           0x00000104   Section       26  __scatter_copy.o(!!handler_copy)
    !!handler_zi                             0x00000120   Section       28  __scatter_zi.o(!!handler_zi)
    .ARM.Collect$$libinit$$00000000          0x0000013c   Section        2  libinit.o(.ARM.Collect$$libinit$$00000000)
    .ARM.Collect$$libinit$$00000002          0x0000013e   Section        0  libinit2.o(.ARM.Collect$$libinit$$00000002)
    .ARM.Collect$$libinit$$00000004          0x0000013e   Section        0  libinit2.o(.ARM.Collect$$libinit$$00000004)
    .ARM.Collect$$libinit$$0000000A          0x0000013e   Section        0  libinit2.o(.ARM.Collect$$libinit$$0000000A)
    .ARM.Collect$$libinit$$0000000C          0x0000013e   Section        0  libinit2.o(.ARM.Collect$$libinit$$0000000C)
    .ARM.Collect$$libinit$$0000000E          0x0000013e   Section        0  libinit2.o(.ARM.Collect$$libinit$$0000000E)
    .ARM.Collect$$libinit$$0000000F          0x0000013e   Section        6  libinit2.o(.ARM.Collect$$libinit$$0000000F)
    .ARM.Collect$$libinit$$00000011          0x00000144   Section        0  libinit2.o(.ARM.Collect$$libinit$$00000011)
    .ARM.Collect$$libinit$$00000012          0x00000144   Section       12  libinit2.o(.ARM.Collect$$libinit$$00000012)
    .ARM.Collect$$libinit$$00000013          0x00000150   Section        0  libinit2.o(.ARM.Collect$$libinit$$00000013)
    .ARM.Collect$$libinit$$00000015          0x00000150   Section        0  libinit2.o(.ARM.Collect$$libinit$$00000015)
    .ARM.Collect$$libinit$$00000017          0x00000150   Section        0  libinit2.o(.ARM.Collect$$libinit$$00000017)
    .ARM.Collect$$libinit$$00000019          0x00000150   Section        0  libinit2.o(.ARM.Collect$$libinit$$00000019)
    .ARM.Collect$$libinit$$0000001B          0x00000150   Section        0  libinit2.o(.ARM.Collect$$libinit$$0000001B)
    .ARM.Collect$$libinit$$0000001D          0x00000150   Section        0  libinit2.o(.ARM.Collect$$libinit$$0000001D)
    .ARM.Collect$$libinit$$0000001F          0x00000150   Section        0  libinit2.o(.ARM.Collect$$libinit$$0000001F)
    .ARM.Collect$$libinit$$00000021          0x00000150   Section        0  libinit2.o(.ARM.Collect$$libinit$$00000021)
    .ARM.Collect$$libinit$$00000023          0x00000150   Section        0  libinit2.o(.ARM.Collect$$libinit$$00000023)
    .ARM.Collect$$libinit$$00000025          0x00000150   Section        0  libinit2.o(.ARM.Collect$$libinit$$00000025)
    .ARM.Collect$$libinit$$0000002C          0x00000150   Section        0  libinit2.o(.ARM.Collect$$libinit$$0000002C)
    .ARM.Collect$$libinit$$0000002E          0x00000150   Section        0  libinit2.o(.ARM.Collect$$libinit$$0000002E)
    .ARM.Collect$$libinit$$00000030          0x00000150   Section        0  libinit2.o(.ARM.Collect$$libinit$$00000030)
    .ARM.Collect$$libinit$$00000032          0x00000150   Section        0  libinit2.o(.ARM.Collect$$libinit$$00000032)
    .ARM.Collect$$libinit$$00000033          0x00000150   Section        2  libinit2.o(.ARM.Collect$$libinit$$00000033)
    .ARM.Collect$$libshutdown$$00000000      0x00000152   Section        2  libshutdown.o(.ARM.Collect$$libshutdown$$00000000)
    .ARM.Collect$$libshutdown$$00000002      0x00000154   Section        0  libshutdown2.o(.ARM.Collect$$libshutdown$$00000002)
    .ARM.Collect$$libshutdown$$00000004      0x00000154   Section        0  libshutdown2.o(.ARM.Collect$$libshutdown$$00000004)
    .ARM.Collect$$libshutdown$$00000007      0x00000154   Section        0  libshutdown2.o(.ARM.Collect$$libshutdown$$00000007)
    .ARM.Collect$$libshutdown$$0000000A      0x00000154   Section        0  libshutdown2.o(.ARM.Collect$$libshutdown$$0000000A)
    .ARM.Collect$$libshutdown$$0000000C      0x00000154   Section        0  libshutdown2.o(.ARM.Collect$$libshutdown$$0000000C)
    .ARM.Collect$$libshutdown$$0000000F      0x00000154   Section        0  libshutdown2.o(.ARM.Collect$$libshutdown$$0000000F)
    .ARM.Collect$$libshutdown$$00000010      0x00000154   Section        2  libshutdown2.o(.ARM.Collect$$libshutdown$$00000010)
    .ARM.Collect$$rtentry$$00000000          0x00000156   Section        0  __rtentry.o(.ARM.Collect$$rtentry$$00000000)
    .ARM.Collect$$rtentry$$00000002          0x00000156   Section        0  __rtentry2.o(.ARM.Collect$$rtentry$$00000002)
    .ARM.Collect$$rtentry$$00000004          0x00000156   Section        6  __rtentry4.o(.ARM.Collect$$rtentry$$00000004)
    .ARM.Collect$$rtentry$$00000009          0x0000015c   Section        0  __rtentry2.o(.ARM.Collect$$rtentry$$00000009)
    .ARM.Collect$$rtentry$$0000000A          0x0000015c   Section        4  __rtentry2.o(.ARM.Collect$$rtentry$$0000000A)
    .ARM.Collect$$rtentry$$0000000C          0x00000160   Section        0  __rtentry2.o(.ARM.Collect$$rtentry$$0000000C)
    .ARM.Collect$$rtentry$$0000000D          0x00000160   Section        8  __rtentry2.o(.ARM.Collect$$rtentry$$0000000D)
    .ARM.Collect$$rtexit$$00000000           0x00000168   Section        2  rtexit.o(.ARM.Collect$$rtexit$$00000000)
    .ARM.Collect$$rtexit$$00000002           0x0000016a   Section        0  rtexit2.o(.ARM.Collect$$rtexit$$00000002)
    .ARM.Collect$$rtexit$$00000003           0x0000016a   Section        4  rtexit2.o(.ARM.Collect$$rtexit$$00000003)
    .ARM.Collect$$rtexit$$00000004           0x0000016e   Section        6  rtexit2.o(.ARM.Collect$$rtexit$$00000004)
    .emb_text                                0x00000174   Section       56  rt_memcpy.o(.emb_text)
    .text                                    0x000001ac   Section       52  startup_lpc11xx.o(.text)
    .text                                    0x000001e0   Section        0  cpu_lpc1000.o(.text)
    NVIC_SetPriority                         0x00000251   Thumb Code   110  cpu_lpc1000.o(.text)
    .text                                    0x000002e0   Section        2  use_no_semi.o(.text)
    .text                                    0x000002e2   Section        0  atoi.o(.text)
    .ARM.__at_0x02FC                         0x000002fc   Section        4  startup_lpc11xx.o(.ARM.__at_0x02FC)
    .text                                    0x00000300   Section        0  system_lpc11xx.o(.text)
    .text                                    0x00000530   Section        0  retarget.o(.text)
    .text                                    0x00000560   Section        0  main.o(.text)
    .text                                    0x000007dc   Section        0  i2c.o(.text)
    .text                                    0x00000ac0   Section        0  ssp.o(.text)
    NVIC_EnableIRQ                           0x00000dbb   Thumb Code    14  ssp.o(.text)
    .text                                    0x00000e04   Section        0  timer32.o(.text)
    .text                                    0x00001168   Section        0  uart.o(.text)
    .text                                    0x0000148c   Section        0  ax12.o(.text)
    .text                                    0x00002860   Section        0  nrf24l01.o(.text)
    .text                                    0x00002b54   Section        0  strcpy.o(.text)
    .text                                    0x00002ba0   Section      346  aeabi_sdiv.o(.text)
    .text                                    0x00002cfa   Section        0  heapauxi.o(.text)
    .text                                    0x00002d00   Section        0  ddiv.o(.text)
    .text                                    0x00003148   Section        0  dfixi.o(.text)
    .text                                    0x000031b4   Section        0  dmul.o(.text)
    .text                                    0x000033fc   Section        0  f2d.o(.text)
    .text                                    0x00003450   Section        0  fflti.o(.text)
    .text                                    0x000034b0   Section        8  rt_errno_addr_intlibspace.o(.text)
    .text                                    0x000034b8   Section        0  strtol.o(.text)
    .text                                    0x00003528   Section        8  libspace.o(.text)
    .text                                    0x00003530   Section       16  rt_ctype_table.o(.text)
    .text                                    0x00003540   Section        0  _strtoul.o(.text)
    .text                                    0x000035e6   Section       62  sys_stackheap_outer.o(.text)
    .text                                    0x00003624   Section        8  rt_locale_intlibspace.o(.text)
    .text                                    0x0000362c   Section        0  _chval.o(.text)
    .text                                    0x0000364a   Section        0  exit.o(.text)
    .text                                    0x0000365c   Section        0  strcmp.o(.text)
    i.__ARM_common_switch8                   0x000036e4   Section        0  system_lpc11xx.o(i.__ARM_common_switch8)
    locale$$code                             0x00003700   Section       44  lc_ctype_c.o(locale$$code)
    .constdata                               0x0000372c   Section      112  main.o(.constdata)
    x$fpl$usenofp                            0x0000372c   Section        0  usenofp.o(x$fpl$usenofp)
    .constdata                               0x0000379c   Section      128  ddiv.o(.constdata)
    ddiv_reciptbl                            0x0000379c   Data         128  ddiv.o(.constdata)
    locale$$data                             0x0000383c   Section      272  lc_ctype_c.o(locale$$data)
    __lcctype_c_name                         0x00003840   Data           2  lc_ctype_c.o(locale$$data)
    __lcctype_c_start                        0x00003848   Data           0  lc_ctype_c.o(locale$$data)
    __lcctype_c_end                          0x0000394c   Data           0  lc_ctype_c.o(locale$$data)
    .data                                    0x10000000   Section        4  system_lpc11xx.o(.data)
    .data                                    0x10000004   Section        4  cpu_lpc1000.o(.data)
    .data                                    0x10000008   Section       36  i2c.o(.data)
    .data                                    0x1000002c   Section       24  ssp.o(.data)
    .data                                    0x10000044   Section        8  timer32.o(.data)
    .data                                    0x1000004c   Section       12  uart.o(.data)
    .data                                    0x10000058   Section       44  ax12.o(.data)
    .bss                                     0x10000084   Section       16  main.o(.bss)
    .bss                                     0x10000094   Section      128  i2c.o(.bss)
    .bss                                     0x10000114   Section       64  uart.o(.bss)
    .bss                                     0x10000154   Section       96  libspace.o(.bss)
    HEAP                                     0x100001b8   Section        0  startup_lpc11xx.o(HEAP)
    STACK                                    0x100001b8   Section      512  startup_lpc11xx.o(STACK)
    Heap_Mem                                 0x100001b8   Data           0  startup_lpc11xx.o(HEAP)
    Stack_Mem                                0x100001b8   Data         512  startup_lpc11xx.o(STACK)
    __initial_sp                             0x100003b8   Data           0  startup_lpc11xx.o(STACK)

    Global Symbols

    Symbol Name                              Value     Ov Type        Size  Object(Section)

    BuildAttributes$$THM_ISAv3M$S$PE$A:L22$X:L11$S22$IEEE1$IW$USESV6$~STKCKD$USESV7$~SHL$OSPACE$ROPI$EBA8$UX$STANDARDLIB$REQ8$PRES8$EABIv2 0x00000000   Number         0  anon$$obj.o ABSOLUTE
    __ARM_use_no_argv                        0x00000000   Number         0  main.o ABSOLUTE
    __Vectors                                0x00000000   Data           4  startup_lpc11xx.o(RESET)
    __ARM_exceptions_init                     - Undefined Weak Reference
    __alloca_initialize                       - Undefined Weak Reference
    __arm_preinit_                            - Undefined Weak Reference
    __cpp_initialize__aeabi_                  - Undefined Weak Reference
    __cxa_finalize                            - Undefined Weak Reference
    __sigvec_lookup                           - Undefined Weak Reference
    _atexit_init                              - Undefined Weak Reference
    _call_atexit_fns                          - Undefined Weak Reference
    _clock_init                               - Undefined Weak Reference
    _fp_trap_init                             - Undefined Weak Reference
    _fp_trap_shutdown                         - Undefined Weak Reference
    _get_lc_collate                           - Undefined Weak Reference
    _get_lc_monetary                          - Undefined Weak Reference
    _get_lc_numeric                           - Undefined Weak Reference
    _get_lc_time                              - Undefined Weak Reference
    _getenv_init                              - Undefined Weak Reference
    _handle_redirection                       - Undefined Weak Reference
    _init_alloc                               - Undefined Weak Reference
    _init_user_alloc                          - Undefined Weak Reference
    _initio                                   - Undefined Weak Reference
    _rand_init                                - Undefined Weak Reference
    _signal_finish                            - Undefined Weak Reference
    _signal_init                              - Undefined Weak Reference
    _terminate_alloc                          - Undefined Weak Reference
    _terminate_user_alloc                     - Undefined Weak Reference
    _terminateio                              - Undefined Weak Reference
    __main                                   0x000000c1   Thumb Code     8  __main.o(!!!main)
    __scatterload                            0x000000c9   Thumb Code     0  __scatter.o(!!!scatter)
    __scatterload_rt2                        0x000000c9   Thumb Code    52  __scatter.o(!!!scatter)
    __scatterload_rt2_thumb_only             0x000000c9   Thumb Code     0  __scatter.o(!!!scatter)
    __scatterload_null                       0x000000d9   Thumb Code     0  __scatter.o(!!!scatter)
    __scatterload_copy                       0x00000105   Thumb Code    26  __scatter_copy.o(!!handler_copy)
    __scatterload_zeroinit                   0x00000121   Thumb Code    28  __scatter_zi.o(!!handler_zi)
    __rt_lib_init                            0x0000013d   Thumb Code     0  libinit.o(.ARM.Collect$$libinit$$00000000)
    __rt_lib_init_fp_1                       0x0000013f   Thumb Code     0  libinit2.o(.ARM.Collect$$libinit$$00000002)
    __rt_lib_init_heap_1                     0x0000013f   Thumb Code     0  libinit2.o(.ARM.Collect$$libinit$$0000000A)
    __rt_lib_init_lc_common                  0x0000013f   Thumb Code     0  libinit2.o(.ARM.Collect$$libinit$$0000000F)
    __rt_lib_init_preinit_1                  0x0000013f   Thumb Code     0  libinit2.o(.ARM.Collect$$libinit$$00000004)
    __rt_lib_init_rand_1                     0x0000013f   Thumb Code     0  libinit2.o(.ARM.Collect$$libinit$$0000000E)
    __rt_lib_init_user_alloc_1               0x0000013f   Thumb Code     0  libinit2.o(.ARM.Collect$$libinit$$0000000C)
    __rt_lib_init_lc_collate_1               0x00000145   Thumb Code     0  libinit2.o(.ARM.Collect$$libinit$$00000011)
    __rt_lib_init_lc_ctype_2                 0x00000145   Thumb Code     0  libinit2.o(.ARM.Collect$$libinit$$00000012)
    __rt_lib_init_alloca_1                   0x00000151   Thumb Code     0  libinit2.o(.ARM.Collect$$libinit$$0000002E)
    __rt_lib_init_argv_1                     0x00000151   Thumb Code     0  libinit2.o(.ARM.Collect$$libinit$$0000002C)
    __rt_lib_init_atexit_1                   0x00000151   Thumb Code     0  libinit2.o(.ARM.Collect$$libinit$$0000001B)
    __rt_lib_init_clock_1                    0x00000151   Thumb Code     0  libinit2.o(.ARM.Collect$$libinit$$00000021)
    __rt_lib_init_cpp_1                      0x00000151   Thumb Code     0  libinit2.o(.ARM.Collect$$libinit$$00000032)
    __rt_lib_init_exceptions_1               0x00000151   Thumb Code     0  libinit2.o(.ARM.Collect$$libinit$$00000030)
    __rt_lib_init_fp_trap_1                  0x00000151   Thumb Code     0  libinit2.o(.ARM.Collect$$libinit$$0000001F)
    __rt_lib_init_getenv_1                   0x00000151   Thumb Code     0  libinit2.o(.ARM.Collect$$libinit$$00000023)
    __rt_lib_init_lc_ctype_1                 0x00000151   Thumb Code     0  libinit2.o(.ARM.Collect$$libinit$$00000013)
    __rt_lib_init_lc_monetary_1              0x00000151   Thumb Code     0  libinit2.o(.ARM.Collect$$libinit$$00000015)
    __rt_lib_init_lc_numeric_1               0x00000151   Thumb Code     0  libinit2.o(.ARM.Collect$$libinit$$00000017)
    __rt_lib_init_lc_time_1                  0x00000151   Thumb Code     0  libinit2.o(.ARM.Collect$$libinit$$00000019)
    __rt_lib_init_return                     0x00000151   Thumb Code     0  libinit2.o(.ARM.Collect$$libinit$$00000033)
    __rt_lib_init_signal_1                   0x00000151   Thumb Code     0  libinit2.o(.ARM.Collect$$libinit$$0000001D)
    __rt_lib_init_stdio_1                    0x00000151   Thumb Code     0  libinit2.o(.ARM.Collect$$libinit$$00000025)
    __rt_lib_shutdown                        0x00000153   Thumb Code     0  libshutdown.o(.ARM.Collect$$libshutdown$$00000000)
    __rt_lib_shutdown_cpp_1                  0x00000155   Thumb Code     0  libshutdown2.o(.ARM.Collect$$libshutdown$$00000002)
    __rt_lib_shutdown_fp_trap_1              0x00000155   Thumb Code     0  libshutdown2.o(.ARM.Collect$$libshutdown$$00000007)
    __rt_lib_shutdown_heap_1                 0x00000155   Thumb Code     0  libshutdown2.o(.ARM.Collect$$libshutdown$$0000000F)
    __rt_lib_shutdown_return                 0x00000155   Thumb Code     0  libshutdown2.o(.ARM.Collect$$libshutdown$$00000010)
    __rt_lib_shutdown_signal_1               0x00000155   Thumb Code     0  libshutdown2.o(.ARM.Collect$$libshutdown$$0000000A)
    __rt_lib_shutdown_stdio_1                0x00000155   Thumb Code     0  libshutdown2.o(.ARM.Collect$$libshutdown$$00000004)
    __rt_lib_shutdown_user_alloc_1           0x00000155   Thumb Code     0  libshutdown2.o(.ARM.Collect$$libshutdown$$0000000C)
    __rt_entry                               0x00000157   Thumb Code     0  __rtentry.o(.ARM.Collect$$rtentry$$00000000)
    __rt_entry_presh_1                       0x00000157   Thumb Code     0  __rtentry2.o(.ARM.Collect$$rtentry$$00000002)
    __rt_entry_sh                            0x00000157   Thumb Code     0  __rtentry4.o(.ARM.Collect$$rtentry$$00000004)
    __rt_entry_li                            0x0000015d   Thumb Code     0  __rtentry2.o(.ARM.Collect$$rtentry$$0000000A)
    __rt_entry_postsh_1                      0x0000015d   Thumb Code     0  __rtentry2.o(.ARM.Collect$$rtentry$$00000009)
    __rt_entry_main                          0x00000161   Thumb Code     0  __rtentry2.o(.ARM.Collect$$rtentry$$0000000D)
    __rt_entry_postli_1                      0x00000161   Thumb Code     0  __rtentry2.o(.ARM.Collect$$rtentry$$0000000C)
    __rt_exit                                0x00000169   Thumb Code     0  rtexit.o(.ARM.Collect$$rtexit$$00000000)
    __rt_exit_ls                             0x0000016b   Thumb Code     0  rtexit2.o(.ARM.Collect$$rtexit$$00000003)
    __rt_exit_prels_1                        0x0000016b   Thumb Code     0  rtexit2.o(.ARM.Collect$$rtexit$$00000002)
    __rt_exit_exit                           0x0000016f   Thumb Code     0  rtexit2.o(.ARM.Collect$$rtexit$$00000004)
    __aeabi_memcpy4                          0x00000175   Thumb Code    56  rt_memcpy.o(.emb_text)
    __aeabi_memcpy8                          0x00000175   Thumb Code     0  rt_memcpy.o(.emb_text)
    Reset_Handler                            0x000001ad   Thumb Code     8  startup_lpc11xx.o(.text)
    NMI_Handler                              0x000001b5   Thumb Code     2  startup_lpc11xx.o(.text)
    HardFault_Handler                        0x000001b7   Thumb Code     2  startup_lpc11xx.o(.text)
    SVC_Handler                              0x000001b9   Thumb Code     2  startup_lpc11xx.o(.text)
    PendSV_Handler                           0x000001bb   Thumb Code     2  startup_lpc11xx.o(.text)
    SysTick_Handler                          0x000001bd   Thumb Code     2  startup_lpc11xx.o(.text)
    ADC_IRQHandler                           0x000001bf   Thumb Code     0  startup_lpc11xx.o(.text)
    BOD_IRQHandler                           0x000001bf   Thumb Code     0  startup_lpc11xx.o(.text)
    CAN_IRQHandler                           0x000001bf   Thumb Code     0  startup_lpc11xx.o(.text)
    FMC_IRQHandler                           0x000001bf   Thumb Code     0  startup_lpc11xx.o(.text)
    PIOINT0_IRQHandler                       0x000001bf   Thumb Code     0  startup_lpc11xx.o(.text)
    PIOINT1_IRQHandler                       0x000001bf   Thumb Code     0  startup_lpc11xx.o(.text)
    PIOINT2_IRQHandler                       0x000001bf   Thumb Code     0  startup_lpc11xx.o(.text)
    PIOINT3_IRQHandler                       0x000001bf   Thumb Code     0  startup_lpc11xx.o(.text)
    TIMER16_0_IRQHandler                     0x000001bf   Thumb Code     0  startup_lpc11xx.o(.text)
    TIMER16_1_IRQHandler                     0x000001bf   Thumb Code     0  startup_lpc11xx.o(.text)
    TIMER32_0_IRQHandler                     0x000001bf   Thumb Code     0  startup_lpc11xx.o(.text)
    TIMER32_1_IRQHandler                     0x000001bf   Thumb Code     0  startup_lpc11xx.o(.text)
    USB_FIQHandler                           0x000001bf   Thumb Code     0  startup_lpc11xx.o(.text)
    USB_IRQHandler                           0x000001bf   Thumb Code     0  startup_lpc11xx.o(.text)
    WAKEUP_IRQHandler                        0x000001bf   Thumb Code     0  startup_lpc11xx.o(.text)
    WDT_IRQHandler                           0x000001bf   Thumb Code     0  startup_lpc11xx.o(.text)
    __user_initial_stackheap                 0x000001c1   Thumb Code     0  startup_lpc11xx.o(.text)
    Delay_Init                               0x000001e1   Thumb Code    52  cpu_lpc1000.o(.text)
    Delay_us                                 0x00000215   Thumb Code    18  cpu_lpc1000.o(.text)
    SPI                                      0x00000227   Thumb Code    42  cpu_lpc1000.o(.text)
    __I$use$semihosting                      0x000002e1   Thumb Code     0  use_no_semi.o(.text)
    __use_no_semihosting_swi                 0x000002e1   Thumb Code     2  use_no_semi.o(.text)
    atoi                                     0x000002e3   Thumb Code    26  atoi.o(.text)
    SystemCoreClockUpdate                    0x00000301   Thumb Code   368  system_lpc11xx.o(.text)
    SystemInit                               0x00000471   Thumb Code   114  system_lpc11xx.o(.text)
    fputc                                    0x00000531   Thumb Code    14  retarget.o(.text)
    fgetc                                    0x0000053f   Thumb Code    10  retarget.o(.text)
    ferror                                   0x00000549   Thumb Code     8  retarget.o(.text)
    _ttywrch                                 0x00000551   Thumb Code    12  retarget.o(.text)
    _sys_exit                                0x0000055d   Thumb Code     4  retarget.o(.text)
    Led_Blink                                0x00000561   Thumb Code    36  main.o(.text)
    NRF24L01_Receive                         0x00000585   Thumb Code    84  main.o(.text)
    NRF24L01_Send                            0x000005d9   Thumb Code    50  main.o(.text)
    main                                     0x0000060b   Thumb Code   414  main.o(.text)
    I2C_IRQHandler                           0x000007dd   Thumb Code   428  i2c.o(.text)
    I2CStart                                 0x00000989   Thumb Code    42  i2c.o(.text)
    I2CStop                                  0x000009b3   Thumb Code    30  i2c.o(.text)
    I2CInit                                  0x000009d1   Thumb Code   118  i2c.o(.text)
    I2CEngine                                0x00000a47   Thumb Code    74  i2c.o(.text)
    SSP0_IRQHandler                          0x00000ac1   Thumb Code    72  ssp.o(.text)
    SSP1_IRQHandler                          0x00000b09   Thumb Code    72  ssp.o(.text)
    SSP_IOConfig                             0x00000b51   Thumb Code   334  ssp.o(.text)
    SSP_Init                                 0x00000c9f   Thumb Code   102  ssp.o(.text)
    SSP_Send                                 0x00000d05   Thumb Code   106  ssp.o(.text)
    SSP_Receive                              0x00000d6f   Thumb Code    76  ssp.o(.text)
    reset_timer32                            0x00000e05   Thumb Code    38  timer32.o(.text)
    init_timer32                             0x00000e2b   Thumb Code    64  timer32.o(.text)
    delay32Us                                0x00000e6b   Thumb Code    76  timer32.o(.text)
    delay32Ms                                0x00000eb7   Thumb Code    76  timer32.o(.text)
    enable_timer32                           0x00000f03   Thumb Code    24  timer32.o(.text)
    disable_timer32                          0x00000f1b   Thumb Code    24  timer32.o(.text)
    read_timer32                             0x00000f33   Thumb Code    22  timer32.o(.text)
    init_timer32PWM                          0x00000f49   Thumb Code   416  timer32.o(.text)
    setMatch_timer32PWM                      0x000010e9   Thumb Code    98  timer32.o(.text)
    UART_IRQHandler                          0x00001169   Thumb Code   186  uart.o(.text)
    ModemInit                                0x00001223   Thumb Code   190  uart.o(.text)
    UARTInit                                 0x000012e1   Thumb Code   268  uart.o(.text)
    UARTSend                                 0x000013ed   Thumb Code    32  uart.o(.text)
    UARTAvailable                            0x0000140d   Thumb Code     6  uart.o(.text)
    UARTPeek                                 0x00001413   Thumb Code     6  uart.o(.text)
    sendchar                                 0x00001419   Thumb Code    20  uart.o(.text)
    getkey                                   0x0000142d   Thumb Code    52  uart.o(.text)
    switchCom                                0x0000148d   Thumb Code    34  ax12.o(.text)
    read_error                               0x000014af   Thumb Code   148  ax12.o(.text)
    AX12_begin                               0x00001543   Thumb Code    12  ax12.o(.text)
    AX12_reset                               0x0000154f   Thumb Code    80  ax12.o(.text)
    AX12_ping                                0x0000159f   Thumb Code    78  ax12.o(.text)
    AX12_setID                               0x000015ed   Thumb Code    96  ax12.o(.text)
    AX12_setBD                               0x0000164d   Thumb Code   108  ax12.o(.text)
    AX12_move                                0x000016b9   Thumb Code   110  ax12.o(.text)
    AX12_moveSpeed                           0x00001727   Thumb Code   146  ax12.o(.text)
    AX12_turn                                0x000017b9   Thumb Code   248  ax12.o(.text)
    AX12_setEndless                          0x000018b1   Thumb Code   210  ax12.o(.text)
    AX12_moveRW                              0x00001983   Thumb Code   110  ax12.o(.text)
    AX12_moveSpeedRW                         0x000019f1   Thumb Code   146  ax12.o(.text)
    AX12_action                              0x00001a83   Thumb Code    62  ax12.o(.text)
    AX12_torqueStatus                        0x00001ac1   Thumb Code    96  ax12.o(.text)
    AX12_ledStatus                           0x00001b21   Thumb Code    96  ax12.o(.text)
    AX12_readTemperature                     0x00001b81   Thumb Code   254  ax12.o(.text)
    AX12_readPosition                        0x00001c7f   Thumb Code   310  ax12.o(.text)
    AX12_readVoltage                         0x00001db5   Thumb Code   254  ax12.o(.text)
    AX12_setTempLimit                        0x00001eb3   Thumb Code    96  ax12.o(.text)
    AX12_setVoltageLimit                     0x00001f13   Thumb Code   106  ax12.o(.text)
    AX12_setAngleLimit                       0x00001f7d   Thumb Code   154  ax12.o(.text)
    AX12_setMaxTorque                        0x00002017   Thumb Code   110  ax12.o(.text)
    AX12_setSRL                              0x00002085   Thumb Code   130  ax12.o(.text)
    AX12_setRDT                              0x00002107   Thumb Code   110  ax12.o(.text)
    AX12_setLEDAlarm                         0x00002175   Thumb Code    96  ax12.o(.text)
    AX12_setShutdownAlarm                    0x000021d5   Thumb Code    96  ax12.o(.text)
    AX12_setCMargin                          0x00002235   Thumb Code   114  ax12.o(.text)
    AX12_setCSlope                           0x000022a7   Thumb Code   114  ax12.o(.text)
    AX12_setPunch                            0x00002319   Thumb Code   110  ax12.o(.text)
    AX12_moving                              0x00002387   Thumb Code   254  ax12.o(.text)
    AX12_lockRegister                        0x00002485   Thumb Code    92  ax12.o(.text)
    AX12_RWStatus                            0x000024e1   Thumb Code   278  ax12.o(.text)
    AX12_readSpeed                           0x000025f7   Thumb Code   286  ax12.o(.text)
    AX12_readLoad                            0x00002715   Thumb Code   286  ax12.o(.text)
    NRF24L01_ReadReg                         0x00002861   Thumb Code    38  nrf24l01.o(.text)
    NRF24L01_WriteReg                        0x00002887   Thumb Code    40  nrf24l01.o(.text)
    NRF24L01_ReadRegBuf                      0x000028af   Thumb Code    54  nrf24l01.o(.text)
    NRF24L01_WriteRegBuf                     0x000028e5   Thumb Code    52  nrf24l01.o(.text)
    NRF24L01_DRint_Init                      0x00002919   Thumb Code    24  nrf24l01.o(.text)
    NRF24L01_Get_Status                      0x00002931   Thumb Code    30  nrf24l01.o(.text)
    NRF24L01_Get_CD                          0x0000294f   Thumb Code    14  nrf24l01.o(.text)
    NRF24L01_Set_Power                       0x0000295d   Thumb Code    30  nrf24l01.o(.text)
    NRF24L01_Set_CH                          0x0000297b   Thumb Code    16  nrf24l01.o(.text)
    NRF24L01_Set_ShockBurst                  0x0000298b   Thumb Code    22  nrf24l01.o(.text)
    NRF24L01_Set_Address_Width               0x000029a1   Thumb Code    20  nrf24l01.o(.text)
    NRF24L01_Set_Device_Mode                 0x000029b5   Thumb Code    56  nrf24l01.o(.text)
    NRF24L01_Set_RX_Pipe                     0x000029ed   Thumb Code    70  nrf24l01.o(.text)
    NRF24L01_Disable_All_Pipes               0x00002a33   Thumb Code    12  nrf24l01.o(.text)
    NRF24L01_Clear_Interrupts                0x00002a3f   Thumb Code    12  nrf24l01.o(.text)
    NRF24L01_Set_TX_Address                  0x00002a4b   Thumb Code    18  nrf24l01.o(.text)
    NRF24L01_Flush_TX                        0x00002a5d   Thumb Code    26  nrf24l01.o(.text)
    NRF24L01_Flush_RX                        0x00002a77   Thumb Code    26  nrf24l01.o(.text)
    NRF24L01_Init                            0x00002a91   Thumb Code   120  nrf24l01.o(.text)
    NRF24L01_RF_TX                           0x00002b09   Thumb Code    32  nrf24l01.o(.text)
    NRF24L01_Write_TX_Buf                    0x00002b29   Thumb Code    18  nrf24l01.o(.text)
    NRF24L01_Read_RX_Buf                     0x00002b3b   Thumb Code    18  nrf24l01.o(.text)
    strcpy                                   0x00002b55   Thumb Code    70  strcpy.o(.text)
    __aeabi_uidiv                            0x00002ba1   Thumb Code     0  aeabi_sdiv.o(.text)
    __aeabi_uidivmod                         0x00002ba1   Thumb Code    20  aeabi_sdiv.o(.text)
    __aeabi_idiv                             0x00002bb5   Thumb Code     0  aeabi_sdiv.o(.text)
    __aeabi_idivmod                          0x00002bb5   Thumb Code   326  aeabi_sdiv.o(.text)
    __use_two_region_memory                  0x00002cfb   Thumb Code     2  heapauxi.o(.text)
    __rt_heap_escrow$2region                 0x00002cfd   Thumb Code     2  heapauxi.o(.text)
    __rt_heap_expand$2region                 0x00002cff   Thumb Code     2  heapauxi.o(.text)
    __aeabi_ddiv                             0x00002d01   Thumb Code     0  ddiv.o(.text)
    _ddiv                                    0x00002d01   Thumb Code  1072  ddiv.o(.text)
    _drdiv                                   0x00003131   Thumb Code    20  ddiv.o(.text)
    __aeabi_d2iz                             0x00003149   Thumb Code     0  dfixi.o(.text)
    _dfix                                    0x00003149   Thumb Code    98  dfixi.o(.text)
    __aeabi_dmul                             0x000031b5   Thumb Code     0  dmul.o(.text)
    _dmul                                    0x000031b5   Thumb Code   558  dmul.o(.text)
    __aeabi_f2d                              0x000033fd   Thumb Code     0  f2d.o(.text)
    _f2d                                     0x000033fd   Thumb Code    80  f2d.o(.text)
    __aeabi_i2f_normalise                    0x00003451   Thumb Code    72  fflti.o(.text)
    __aeabi_i2f                              0x00003499   Thumb Code    16  fflti.o(.text)
    _fflt                                    0x00003499   Thumb Code     0  fflti.o(.text)
    __aeabi_ui2f                             0x000034a9   Thumb Code     6  fflti.o(.text)
    _ffltu                                   0x000034a9   Thumb Code     0  fflti.o(.text)
    __aeabi_errno_addr                       0x000034b1   Thumb Code     8  rt_errno_addr_intlibspace.o(.text)
    __errno$intlibspace                      0x000034b1   Thumb Code     0  rt_errno_addr_intlibspace.o(.text)
    __rt_errno_addr$intlibspace              0x000034b1   Thumb Code     0  rt_errno_addr_intlibspace.o(.text)
    strtol                                   0x000034b9   Thumb Code   108  strtol.o(.text)
    __user_libspace                          0x00003529   Thumb Code     8  libspace.o(.text)
    __user_perproc_libspace                  0x00003529   Thumb Code     0  libspace.o(.text)
    __user_perthread_libspace                0x00003529   Thumb Code     0  libspace.o(.text)
    __rt_ctype_table                         0x00003531   Thumb Code    16  rt_ctype_table.o(.text)
    _strtoul                                 0x00003541   Thumb Code   166  _strtoul.o(.text)
    __user_setup_stackheap                   0x000035e7   Thumb Code    62  sys_stackheap_outer.o(.text)
    __rt_locale                              0x00003625   Thumb Code     8  rt_locale_intlibspace.o(.text)
    _chval                                   0x0000362d   Thumb Code    30  _chval.o(.text)
    exit                                     0x0000364b   Thumb Code    16  exit.o(.text)
    strcmp                                   0x0000365d   Thumb Code   132  strcmp.o(.text)
    __ARM_common_switch8                     0x000036e5   Thumb Code    28  system_lpc11xx.o(i.__ARM_common_switch8)
    _get_lc_ctype                            0x00003701   Thumb Code    44  lc_ctype_c.o(locale$$code)
    __I$use$fp                               0x0000372c   Number         0  usenofp.o(x$fpl$usenofp)
    Region$$Table$$Base                      0x0000381c   Number         0  anon$$obj.o(Region$$Table)
    Region$$Table$$Limit                     0x0000383c   Number         0  anon$$obj.o(Region$$Table)
    __ctype                                  0x00003849   Data           0  lc_ctype_c.o(locale$$data)
    SystemCoreClock                          0x10000000   Data           4  system_lpc11xx.o(.data)
    usTicks                                  0x10000004   Data           4  cpu_lpc1000.o(.data)
    I2CMasterState                           0x10000008   Data           4  i2c.o(.data)
    I2CSlaveState                            0x1000000c   Data           4  i2c.o(.data)
    timeout                                  0x10000010   Data           4  i2c.o(.data)
    I2CMode                                  0x10000014   Data           4  i2c.o(.data)
    I2CCount                                 0x10000018   Data           4  i2c.o(.data)
    I2CReadLength                            0x1000001c   Data           4  i2c.o(.data)
    I2CWriteLength                           0x10000020   Data           4  i2c.o(.data)
    RdIndex                                  0x10000024   Data           4  i2c.o(.data)
    WrIndex                                  0x10000028   Data           4  i2c.o(.data)
    interruptRxStat0                         0x1000002c   Data           4  ssp.o(.data)
    interruptOverRunStat0                    0x10000030   Data           4  ssp.o(.data)
    interruptRxTimeoutStat0                  0x10000034   Data           4  ssp.o(.data)
    interruptRxStat1                         0x10000038   Data           4  ssp.o(.data)
    interruptOverRunStat1                    0x1000003c   Data           4  ssp.o(.data)
    interruptRxTimeoutStat1                  0x10000040   Data           4  ssp.o(.data)
    timer32_0_period                         0x10000044   Data           4  timer32.o(.data)
    timer32_1_period                         0x10000048   Data           4  timer32.o(.data)
    UARTStatus                               0x1000004c   Data           4  uart.o(.data)
    UARTTxEmpty                              0x10000050   Data           1  uart.o(.data)
    UARTCount                                0x10000054   Data           4  uart.o(.data)
    Checksum                                 0x10000058   Data           1  ax12.o(.data)
    Direction_Pin                            0x10000059   Data           1  ax12.o(.data)
    Time_Counter                             0x1000005a   Data           1  ax12.o(.data)
    Incoming_Byte                            0x1000005b   Data           1  ax12.o(.data)
    Position_High_Byte                       0x1000005c   Data           1  ax12.o(.data)
    Position_Low_Byte                        0x1000005d   Data           1  ax12.o(.data)
    Speed_High_Byte                          0x1000005e   Data           1  ax12.o(.data)
    Speed_Low_Byte                           0x1000005f   Data           1  ax12.o(.data)
    Load_High_Byte                           0x10000060   Data           1  ax12.o(.data)
    Load_Low_Byte                            0x10000061   Data           1  ax12.o(.data)
    Moving_Byte                              0x10000064   Data           4  ax12.o(.data)
    RWS_Byte                                 0x10000068   Data           4  ax12.o(.data)
    Speed_Long_Byte                          0x1000006c   Data           4  ax12.o(.data)
    Load_Long_Byte                           0x10000070   Data           4  ax12.o(.data)
    Position_Long_Byte                       0x10000074   Data           4  ax12.o(.data)
    Temperature_Byte                         0x10000078   Data           4  ax12.o(.data)
    Voltage_Byte                             0x1000007c   Data           4  ax12.o(.data)
    Error_Byte                               0x10000080   Data           4  ax12.o(.data)
    Buf                                      0x10000084   Data          16  main.o(.bss)
    I2CMasterBuffer                          0x10000094   Data          64  i2c.o(.bss)
    I2CSlaveBuffer                           0x100000d4   Data          64  i2c.o(.bss)
    UARTBuffer                               0x10000114   Data          64  uart.o(.bss)
    __libspace_start                         0x10000154   Data          96  libspace.o(.bss)
    __temporary_stack_top$libspace           0x100001b4   Data           0  libspace.o(.bss)



==============================================================================

Memory Map of the image

  Image Entry point : 0x000001ad

  Load Region LR_1 (Base: 0x00000000, Size: 0x000039d0, Max: 0xffffffff, ABSOLUTE)

    Execution Region ER_RO (Base: 0x00000000, Size: 0x0000394c, Max: 0xffffffff, ABSOLUTE)

    Base Addr    Size         Type   Attr      Idx    E Section Name        Object

    0x00000000   0x000000c0   Data   RO            3    RESET               startup_lpc11xx.o
    0x000000c0   0x00000008   Code   RO          400  * !!!main             c_p.l(__main.o)
    0x000000c8   0x0000003c   Code   RO          615    !!!scatter          c_p.l(__scatter.o)
    0x00000104   0x0000001a   Code   RO          617    !!handler_copy      c_p.l(__scatter_copy.o)
    0x0000011e   0x00000002   PAD
    0x00000120   0x0000001c   Code   RO          619    !!handler_zi        c_p.l(__scatter_zi.o)
    0x0000013c   0x00000002   Code   RO          491    .ARM.Collect$$libinit$$00000000  c_p.l(libinit.o)
    0x0000013e   0x00000000   Code   RO          504    .ARM.Collect$$libinit$$00000002  c_p.l(libinit2.o)
    0x0000013e   0x00000000   Code   RO          506    .ARM.Collect$$libinit$$00000004  c_p.l(libinit2.o)
    0x0000013e   0x00000000   Code   RO          509    .ARM.Collect$$libinit$$0000000A  c_p.l(libinit2.o)
    0x0000013e   0x00000000   Code   RO          511    .ARM.Collect$$libinit$$0000000C  c_p.l(libinit2.o)
    0x0000013e   0x00000000   Code   RO          513    .ARM.Collect$$libinit$$0000000E  c_p.l(libinit2.o)
    0x0000013e   0x00000006   Code   RO          514    .ARM.Collect$$libinit$$0000000F  c_p.l(libinit2.o)
    0x00000144   0x00000000   Code   RO          516    .ARM.Collect$$libinit$$00000011  c_p.l(libinit2.o)
    0x00000144   0x0000000c   Code   RO          517    .ARM.Collect$$libinit$$00000012  c_p.l(libinit2.o)
    0x00000150   0x00000000   Code   RO          518    .ARM.Collect$$libinit$$00000013  c_p.l(libinit2.o)
    0x00000150   0x00000000   Code   RO          520    .ARM.Collect$$libinit$$00000015  c_p.l(libinit2.o)
    0x00000150   0x00000000   Code   RO          522    .ARM.Collect$$libinit$$00000017  c_p.l(libinit2.o)
    0x00000150   0x00000000   Code   RO          524    .ARM.Collect$$libinit$$00000019  c_p.l(libinit2.o)
    0x00000150   0x00000000   Code   RO          526    .ARM.Collect$$libinit$$0000001B  c_p.l(libinit2.o)
    0x00000150   0x00000000   Code   RO          528    .ARM.Collect$$libinit$$0000001D  c_p.l(libinit2.o)
    0x00000150   0x00000000   Code   RO          530    .ARM.Collect$$libinit$$0000001F  c_p.l(libinit2.o)
    0x00000150   0x00000000   Code   RO          532    .ARM.Collect$$libinit$$00000021  c_p.l(libinit2.o)
    0x00000150   0x00000000   Code   RO          534    .ARM.Collect$$libinit$$00000023  c_p.l(libinit2.o)
    0x00000150   0x00000000   Code   RO          536    .ARM.Collect$$libinit$$00000025  c_p.l(libinit2.o)
    0x00000150   0x00000000   Code   RO          540    .ARM.Collect$$libinit$$0000002C  c_p.l(libinit2.o)
    0x00000150   0x00000000   Code   RO          542    .ARM.Collect$$libinit$$0000002E  c_p.l(libinit2.o)
    0x00000150   0x00000000   Code   RO          544    .ARM.Collect$$libinit$$00000030  c_p.l(libinit2.o)
    0x00000150   0x00000000   Code   RO          546    .ARM.Collect$$libinit$$00000032  c_p.l(libinit2.o)
    0x00000150   0x00000002   Code   RO          547    .ARM.Collect$$libinit$$00000033  c_p.l(libinit2.o)
    0x00000152   0x00000002   Code   RO          571    .ARM.Collect$$libshutdown$$00000000  c_p.l(libshutdown.o)
    0x00000154   0x00000000   Code   RO          597    .ARM.Collect$$libshutdown$$00000002  c_p.l(libshutdown2.o)
    0x00000154   0x00000000   Code   RO          599    .ARM.Collect$$libshutdown$$00000004  c_p.l(libshutdown2.o)
    0x00000154   0x00000000   Code   RO          602    .ARM.Collect$$libshutdown$$00000007  c_p.l(libshutdown2.o)
    0x00000154   0x00000000   Code   RO          605    .ARM.Collect$$libshutdown$$0000000A  c_p.l(libshutdown2.o)
    0x00000154   0x00000000   Code   RO          607    .ARM.Collect$$libshutdown$$0000000C  c_p.l(libshutdown2.o)
    0x00000154   0x00000000   Code   RO          610    .ARM.Collect$$libshutdown$$0000000F  c_p.l(libshutdown2.o)
    0x00000154   0x00000002   Code   RO          611    .ARM.Collect$$libshutdown$$00000010  c_p.l(libshutdown2.o)
    0x00000156   0x00000000   Code   RO          430    .ARM.Collect$$rtentry$$00000000  c_p.l(__rtentry.o)
    0x00000156   0x00000000   Code   RO          447    .ARM.Collect$$rtentry$$00000002  c_p.l(__rtentry2.o)
    0x00000156   0x00000006   Code   RO          459    .ARM.Collect$$rtentry$$00000004  c_p.l(__rtentry4.o)
    0x0000015c   0x00000000   Code   RO          449    .ARM.Collect$$rtentry$$00000009  c_p.l(__rtentry2.o)
    0x0000015c   0x00000004   Code   RO          450    .ARM.Collect$$rtentry$$0000000A  c_p.l(__rtentry2.o)
    0x00000160   0x00000000   Code   RO          452    .ARM.Collect$$rtentry$$0000000C  c_p.l(__rtentry2.o)
    0x00000160   0x00000008   Code   RO          453    .ARM.Collect$$rtentry$$0000000D  c_p.l(__rtentry2.o)
    0x00000168   0x00000002   Code   RO          493    .ARM.Collect$$rtexit$$00000000  c_p.l(rtexit.o)
    0x0000016a   0x00000000   Code   RO          549    .ARM.Collect$$rtexit$$00000002  c_p.l(rtexit2.o)
    0x0000016a   0x00000004   Code   RO          550    .ARM.Collect$$rtexit$$00000003  c_p.l(rtexit2.o)
    0x0000016e   0x00000006   Code   RO          551    .ARM.Collect$$rtexit$$00000004  c_p.l(rtexit2.o)
    0x00000174   0x00000038   Code   RO          390    .emb_text           c_p.l(rt_memcpy.o)
    0x000001ac   0x00000034   Code   RO            5  * .text               startup_lpc11xx.o
    0x000001e0   0x00000100   Code   RO           59    .text               cpu_lpc1000.o
    0x000002e0   0x00000002   Code   RO          384    .text               c_p.l(use_no_semi.o)
    0x000002e2   0x0000001a   Code   RO          386    .text               c_p.l(atoi.o)
    0x000002fc   0x00000004   Code   RO            4    .ARM.__at_0x02FC    startup_lpc11xx.o
    0x00000300   0x00000230   Code   RO           15    .text               system_lpc11xx.o
    0x00000530   0x00000030   Code   RO           93    .text               retarget.o
    0x00000560   0x0000027c   Code   RO          120    .text               main.o
    0x000007dc   0x000002e4   Code   RO          206    .text               i2c.o
    0x00000ac0   0x00000344   Code   RO          233    .text               ssp.o
    0x00000e04   0x00000364   Code   RO          256    .text               timer32.o
    0x00001168   0x00000324   Code   RO          279    .text               uart.o
    0x0000148c   0x000013d4   Code   RO          306    .text               ax12.o
    0x00002860   0x000002f4   Code   RO          364    .text               nrf24l01.o
    0x00002b54   0x0000004c   Code   RO          388    .text               c_p.l(strcpy.o)
    0x00002ba0   0x0000015a   Code   RO          394    .text               c_p.l(aeabi_sdiv.o)
    0x00002cfa   0x00000006   Code   RO          398    .text               c_p.l(heapauxi.o)
    0x00002d00   0x00000448   Code   RO          404    .text               fz_ps.l(ddiv.o)
    0x00003148   0x0000006c   Code   RO          407    .text               fz_ps.l(dfixi.o)
    0x000031b4   0x00000248   Code   RO          411    .text               fz_ps.l(dmul.o)
    0x000033fc   0x00000054   Code   RO          413    .text               fz_ps.l(f2d.o)
    0x00003450   0x0000005e   Code   RO          426    .text               fz_ps.l(fflti.o)
    0x000034ae   0x00000002   PAD
    0x000034b0   0x00000008   Code   RO          438    .text               c_p.l(rt_errno_addr_intlibspace.o)
    0x000034b8   0x00000070   Code   RO          440    .text               c_p.l(strtol.o)
    0x00003528   0x00000008   Code   RO          443    .text               c_p.l(libspace.o)
    0x00003530   0x00000010   Code   RO          461    .text               c_p.l(rt_ctype_table.o)
    0x00003540   0x000000a6   Code   RO          465    .text               c_p.l(_strtoul.o)
    0x000035e6   0x0000003e   Code   RO          467    .text               c_p.l(sys_stackheap_outer.o)
    0x00003624   0x00000008   Code   RO          473    .text               c_p.l(rt_locale_intlibspace.o)
    0x0000362c   0x0000001e   Code   RO          475    .text               c_p.l(_chval.o)
    0x0000364a   0x00000010   Code   RO          480    .text               c_p.l(exit.o)
    0x0000365a   0x00000002   PAD
    0x0000365c   0x00000088   Code   RO          501    .text               c_p.l(strcmp.o)
    0x000036e4   0x0000001c   Code   RO           33    i.__ARM_common_switch8  system_lpc11xx.o
    0x00003700   0x0000002c   Code   RO          478    locale$$code        c_p.l(lc_ctype_c.o)
    0x0000372c   0x00000000   Code   RO          442    x$fpl$usenofp       fz_ps.l(usenofp.o)
    0x0000372c   0x00000070   Data   RO          122    .constdata          main.o
    0x0000379c   0x00000080   Data   RO          405    .constdata          fz_ps.l(ddiv.o)
    0x0000381c   0x00000020   Data   RO          613    Region$$Table       anon$$obj.o
    0x0000383c   0x00000110   Data   RO          477    locale$$data        c_p.l(lc_ctype_c.o)


    Execution Region ER_RW (Base: 0x10000000, Size: 0x00000084, Max: 0xffffffff, ABSOLUTE)

    Base Addr    Size         Type   Attr      Idx    E Section Name        Object

    0x10000000   0x00000004   Data   RW           16    .data               system_lpc11xx.o
    0x10000004   0x00000004   Data   RW           60    .data               cpu_lpc1000.o
    0x10000008   0x00000024   Data   RW          208    .data               i2c.o
    0x1000002c   0x00000018   Data   RW          234    .data               ssp.o
    0x10000044   0x00000008   Data   RW          257    .data               timer32.o
    0x1000004c   0x0000000c   Data   RW          281    .data               uart.o
    0x10000058   0x0000002c   Data   RW          307    .data               ax12.o


    Execution Region ER_ZI (Base: 0x10000084, Size: 0x00000334, Max: 0xffffffff, ABSOLUTE)

    Base Addr    Size         Type   Attr      Idx    E Section Name        Object

    0x10000084   0x00000010   Zero   RW          121    .bss                main.o
    0x10000094   0x00000080   Zero   RW          207    .bss                i2c.o
    0x10000114   0x00000040   Zero   RW          280    .bss                uart.o
    0x10000154   0x00000060   Zero   RW          444    .bss                c_p.l(libspace.o)
    0x100001b4   0x00000004   PAD
    0x100001b8   0x00000000   Zero   RW            2    HEAP                startup_lpc11xx.o
    0x100001b8   0x00000200   Zero   RW            1    STACK               startup_lpc11xx.o


==============================================================================

Image component sizes


      Code (inc. data)   RO Data    RW Data    ZI Data      Debug   Object Name

      5076        146          0         44          0      12444   ax12.o
       256         34          0          4          0       7052   cpu_lpc1000.o
       740         62          0         36        128       7892   i2c.o
       636         52        112          0         16       2486   main.o
       756          8          0          0          0       5223   nrf24l01.o
        48          0          0          0          0       2567   retarget.o
       836         60          0         24          0       2745   ssp.o
        56         26        192          0        512        748   startup_lpc11xx.o
       588         96          0          4          0      14265   system_lpc11xx.o
       868         30          0          8          0       3105   timer32.o
       804         44          0         12         64       8331   uart.o

    ----------------------------------------------------------------------
     10664        558        336        132        720      66858   Object Totals
         0          0         32          0          0          0   (incl. Generated)
         0          0          0          0          0          0   (incl. Padding)

    ----------------------------------------------------------------------

      Code (inc. data)   RO Data    RW Data    ZI Data      Debug   Library Member Name

         8          0          0          0          0         68   __main.o
         0          0          0          0          0          0   __rtentry.o
        12          0          0          0          0          0   __rtentry2.o
         6          0          0          0          0          0   __rtentry4.o
        60          8          0          0          0          0   __scatter.o
        26          0          0          0          0          0   __scatter_copy.o
        28          0          0          0          0          0   __scatter_zi.o
        30          0          0          0          0         60   _chval.o
       166          0          0          0          0         84   _strtoul.o
       346          0          0          0          0         92   aeabi_sdiv.o
        26          0          0          0          0         72   atoi.o
        16          0          0          0          0         68   exit.o
         6          0          0          0          0        136   heapauxi.o
        44         10        272          0          0         76   lc_ctype_c.o
         2          0          0          0          0          0   libinit.o
        20          0          0          0          0          0   libinit2.o
         2          0          0          0          0          0   libshutdown.o
         2          0          0          0          0          0   libshutdown2.o
         8          4          0          0         96         68   libspace.o
        16          4          0          0          0         76   rt_ctype_table.o
         8          4          0          0          0         68   rt_errno_addr_intlibspace.o
         8          4          0          0          0         68   rt_locale_intlibspace.o
        56          0          0          0          0         68   rt_memcpy.o
         2          0          0          0          0          0   rtexit.o
        10          0          0          0          0          0   rtexit2.o
       136          4          0          0          0         72   strcmp.o
        76          6          0          0          0         72   strcpy.o
       112          4          0          0          0         76   strtol.o
        62          0          0          0          0         80   sys_stackheap_outer.o
         2          0          0          0          0         68   use_no_semi.o
      1096         26        128          0          0        112   ddiv.o
       108         10          0          0          0         72   dfixi.o
       584         26          0          0          0         84   dmul.o
        84          4          0          0          0         60   f2d.o
        94          0          0          0          0         92   fflti.o
         0          0          0          0          0          0   usenofp.o

    ----------------------------------------------------------------------
      3268        114        400          0        100       1792   Library Totals
         6          0          0          0          4          0   (incl. Padding)

    ----------------------------------------------------------------------

      Code (inc. data)   RO Data    RW Data    ZI Data      Debug   Library Name

      1296         48        272          0         96       1372   c_p.l
      1966         66        128          0          0        420   fz_ps.l

    ----------------------------------------------------------------------
      3268        114        400          0        100       1792   Library Totals

    ----------------------------------------------------------------------

==============================================================================


      Code (inc. data)   RO Data    RW Data    ZI Data      Debug   

     13932        672        736        132        820      66970   Grand Totals
     13932        672        736        132        820      66970   ELF Image Totals
     13932        672        736        132          0          0   ROM Totals

==============================================================================

    Total RO  Size (Code + RO Data)                14668 (  14.32kB)
    Total RW  Size (RW Data + ZI Data)               952 (   0.93kB)
    Total ROM Size (Code + RO Data + RW Data)      14800 (  14.45kB)

==============================================================================

